[2m2026-02-15T00:32:45.552414Z[0m [34mDEBUG[0m [2mfleet_tui::config[0m[2m:[0m config file not found at /Users/jakub/.config/fleet/config.toml, using defaults
[2m2026-02-15T00:32:45.554276Z[0m [32m INFO[0m [2mfleet_tui::app[0m[2m:[0m fetching schema, history, and saved queries
[2m2026-02-15T00:32:48.317130Z[0m [32m INFO[0m [2mfleet_tui::app[0m[2m:[0m schema fetched: 60 columns
[2m2026-02-15T00:32:48.317169Z[0m [32m INFO[0m [2mfleet_tui::app[0m[2m:[0m history fetched: 27 entries
[2m2026-02-15T00:32:48.317178Z[0m [32m INFO[0m [2mfleet_tui::app[0m[2m:[0m saved queries fetched: 1 entries
[2m2026-02-15T00:32:49.263403Z[0m [34mDEBUG[0m [2mfleet_tui::app[0m[2m:[0m event loop iteration 10
[2m2026-02-15T00:32:50.296170Z[0m [34mDEBUG[0m [2mfleet_tui::app[0m[2m:[0m event loop iteration 20
[2m2026-02-15T00:32:50.648773Z[0m [34mDEBUG[0m [2mfleet_tui::app[0m[2m:[0m editor key: modifiers=KeyModifiers(0x0), code=Char('s')
[2m2026-02-15T00:32:50.788146Z[0m [34mDEBUG[0m [2mfleet_tui::app[0m[2m:[0m editor key: modifiers=KeyModifiers(0x0), code=Char('e')
[2m2026-02-15T00:32:50.834716Z[0m [34mDEBUG[0m [2mfleet_tui::app[0m[2m:[0m editor key: modifiers=KeyModifiers(0x0), code=Char('r')
[2m2026-02-15T00:32:51.004740Z[0m [34mDEBUG[0m [2mfleet_tui::app[0m[2m:[0m editor key: modifiers=KeyModifiers(0x0), code=Char('v')
[2m2026-02-15T00:32:51.098762Z[0m [34mDEBUG[0m [2mfleet_tui::app[0m[2m:[0m editor key: modifiers=KeyModifiers(0x0), code=Char('i')
[2m2026-02-15T00:32:51.098815Z[0m [34mDEBUG[0m [2mfleet_tui::app[0m[2m:[0m event loop iteration 30
[2m2026-02-15T00:32:51.171403Z[0m [34mDEBUG[0m [2mfleet_tui::app[0m[2m:[0m editor key: modifiers=KeyModifiers(0x0), code=Char('c')
[2m2026-02-15T00:32:51.232353Z[0m [34mDEBUG[0m [2mfleet_tui::app[0m[2m:[0m editor key: modifiers=KeyModifiers(0x0), code=Char('e')
[2m2026-02-15T00:32:51.486803Z[0m [34mDEBUG[0m [2mfleet_tui::app[0m[2m:[0m editor key: modifiers=KeyModifiers(0x0), code=Char(':')
[2m2026-02-15T00:32:51.999030Z[0m [34mDEBUG[0m [2mfleet_tui::app[0m[2m:[0m event loop iteration 40
[2m2026-02-15T00:32:52.021443Z[0m [34mDEBUG[0m [2mfleet_tui::app[0m[2m:[0m editor key: modifiers=KeyModifiers(0x0), code=Char('f')
[2m2026-02-15T00:32:52.207888Z[0m [34mDEBUG[0m [2mfleet_tui::app[0m[2m:[0m editor key: modifiers=KeyModifiers(0x0), code=Char('l')
[2m2026-02-15T00:32:52.280805Z[0m [34mDEBUG[0m [2mfleet_tui::app[0m[2m:[0m editor key: modifiers=KeyModifiers(0x0), code=Char('e')
[2m2026-02-15T00:32:52.415536Z[0m [34mDEBUG[0m [2mfleet_tui::app[0m[2m:[0m editor key: modifiers=KeyModifiers(0x0), code=Char('e')
[2m2026-02-15T00:32:52.499155Z[0m [34mDEBUG[0m [2mfleet_tui::app[0m[2m:[0m editor key: modifiers=KeyModifiers(0x0), code=Char('t')
[2m2026-02-15T00:32:52.677774Z[0m [34mDEBUG[0m [2mfleet_tui::app[0m[2m:[0m editor key: modifiers=KeyModifiers(0x0), code=Char('d')
[2m2026-02-15T00:32:52.780538Z[0m [34mDEBUG[0m [2mfleet_tui::app[0m[2m:[0m event loop iteration 50
[2m2026-02-15T00:32:53.852888Z[0m [34mDEBUG[0m [2mfleet_tui::app[0m[2m:[0m event loop iteration 60
[2m2026-02-15T00:32:53.948024Z[0m [34mDEBUG[0m [2mfleet_tui::app[0m[2m:[0m editor key: modifiers=KeyModifiers(0x0), code=Right
[2m2026-02-15T00:32:54.394273Z[0m [34mDEBUG[0m [2mfleet_tui::app[0m[2m:[0m editor key: modifiers=KeyModifiers(0x0), code=Char(' ')
[2m2026-02-15T00:32:54.804851Z[0m [34mDEBUG[0m [2mfleet_tui::app[0m[2m:[0m event loop iteration 70
[2m2026-02-15T00:32:55.830190Z[0m [34mDEBUG[0m [2mfleet_tui::app[0m[2m:[0m event loop iteration 80
[2m2026-02-15T00:32:56.046681Z[0m [34mDEBUG[0m [2mfleet_tui::app[0m[2m:[0m editor key: modifiers=KeyModifiers(0x0), code=Left
[2m2026-02-15T00:32:56.746638Z[0m [34mDEBUG[0m [2mfleet_tui::app[0m[2m:[0m editor key: modifiers=KeyModifiers(0x0), code=Right
[2m2026-02-15T00:32:56.746702Z[0m [34mDEBUG[0m [2mfleet_tui::app[0m[2m:[0m event loop iteration 90
[2m2026-02-15T00:32:56.905031Z[0m [34mDEBUG[0m [2mfleet_tui::app[0m[2m:[0m editor key: modifiers=KeyModifiers(0x0), code=Right
[2m2026-02-15T00:32:57.302801Z[0m [34mDEBUG[0m [2mfleet_tui::app[0m[2m:[0m editor key: modifiers=KeyModifiers(0x0), code=Char('c')
[2m2026-02-15T00:32:57.713453Z[0m [34mDEBUG[0m [2mfleet_tui::app[0m[2m:[0m event loop iteration 100
[2m2026-02-15T00:32:58.780238Z[0m [34mDEBUG[0m [2mfleet_tui::app[0m[2m:[0m event loop iteration 110
[2m2026-02-15T00:32:59.824363Z[0m [34mDEBUG[0m [2mfleet_tui::app[0m[2m:[0m event loop iteration 120
[2m2026-02-15T00:33:00.850789Z[0m [34mDEBUG[0m [2mfleet_tui::app[0m[2m:[0m event loop iteration 130
[2m2026-02-15T00:33:01.884908Z[0m [34mDEBUG[0m [2mfleet_tui::app[0m[2m:[0m event loop iteration 140
[2m2026-02-15T00:33:02.912595Z[0m [34mDEBUG[0m [2mfleet_tui::app[0m[2m:[0m event loop iteration 150
[2m2026-02-15T00:33:03.946096Z[0m [34mDEBUG[0m [2mfleet_tui::app[0m[2m:[0m event loop iteration 160
[2m2026-02-15T00:33:04.977651Z[0m [34mDEBUG[0m [2mfleet_tui::app[0m[2m:[0m event loop iteration 170
[2m2026-02-15T00:33:06.003138Z[0m [34mDEBUG[0m [2mfleet_tui::app[0m[2m:[0m event loop iteration 180
[2m2026-02-15T00:33:07.028993Z[0m [34mDEBUG[0m [2mfleet_tui::app[0m[2m:[0m event loop iteration 190
[2m2026-02-15T00:33:08.060982Z[0m [34mDEBUG[0m [2mfleet_tui::app[0m[2m:[0m event loop iteration 200
[2m2026-02-15T00:33:09.092097Z[0m [34mDEBUG[0m [2mfleet_tui::app[0m[2m:[0m event loop iteration 210
[2m2026-02-15T00:33:10.121947Z[0m [34mDEBUG[0m [2mfleet_tui::app[0m[2m:[0m event loop iteration 220
[2m2026-02-15T00:33:11.147480Z[0m [34mDEBUG[0m [2mfleet_tui::app[0m[2m:[0m event loop iteration 230
[2m2026-02-15T00:33:12.178643Z[0m [34mDEBUG[0m [2mfleet_tui::app[0m[2m:[0m event loop iteration 240
[2m2026-02-15T00:33:13.207799Z[0m [34mDEBUG[0m [2mfleet_tui::app[0m[2m:[0m event loop iteration 250
[2m2026-02-15T00:33:14.274677Z[0m [34mDEBUG[0m [2mfleet_tui::app[0m[2m:[0m event loop iteration 260
[2m2026-02-15T00:33:15.304770Z[0m [34mDEBUG[0m [2mfleet_tui::app[0m[2m:[0m event loop iteration 270
[2m2026-02-15T00:33:16.330302Z[0m [34mDEBUG[0m [2mfleet_tui::app[0m[2m:[0m event loop iteration 280
[2m2026-02-15T00:33:17.356062Z[0m [34mDEBUG[0m [2mfleet_tui::app[0m[2m:[0m event loop iteration 290
[2m2026-02-15T00:33:18.403316Z[0m [34mDEBUG[0m [2mfleet_tui::app[0m[2m:[0m event loop iteration 300
[2m2026-02-15T00:33:19.473646Z[0m [34mDEBUG[0m [2mfleet_tui::app[0m[2m:[0m event loop iteration 310
[2m2026-02-15T00:33:20.506650Z[0m [34mDEBUG[0m [2mfleet_tui::app[0m[2m:[0m event loop iteration 320
[2m2026-02-15T00:33:21.530578Z[0m [34mDEBUG[0m [2mfleet_tui::app[0m[2m:[0m event loop iteration 330
[2m2026-02-15T00:33:22.555965Z[0m [34mDEBUG[0m [2mfleet_tui::app[0m[2m:[0m event loop iteration 340
[2m2026-02-15T00:33:23.587957Z[0m [34mDEBUG[0m [2mfleet_tui::app[0m[2m:[0m event loop iteration 350
[2m2026-02-15T00:33:24.616129Z[0m [34mDEBUG[0m [2mfleet_tui::app[0m[2m:[0m event loop iteration 360
[2m2026-02-15T00:33:25.642936Z[0m [34mDEBUG[0m [2mfleet_tui::app[0m[2m:[0m event loop iteration 370
[2m2026-02-15T00:33:26.668847Z[0m [34mDEBUG[0m [2mfleet_tui::app[0m[2m:[0m event loop iteration 380
[2m2026-02-15T00:33:27.695126Z[0m [34mDEBUG[0m [2mfleet_tui::app[0m[2m:[0m event loop iteration 390
[2m2026-02-15T00:33:28.735914Z[0m [34mDEBUG[0m [2mfleet_tui::app[0m[2m:[0m event loop iteration 400
[2m2026-02-15T00:33:29.761089Z[0m [34mDEBUG[0m [2mfleet_tui::app[0m[2m:[0m event loop iteration 410
[2m2026-02-15T00:33:30.787508Z[0m [34mDEBUG[0m [2mfleet_tui::app[0m[2m:[0m event loop iteration 420
[2m2026-02-15T00:33:31.814024Z[0m [34mDEBUG[0m [2mfleet_tui::app[0m[2m:[0m event loop iteration 430
[2m2026-02-15T00:33:32.844710Z[0m [34mDEBUG[0m [2mfleet_tui::app[0m[2m:[0m event loop iteration 440
[2m2026-02-15T00:33:33.870468Z[0m [34mDEBUG[0m [2mfleet_tui::app[0m[2m:[0m event loop iteration 450
[2m2026-02-15T00:33:34.896832Z[0m [34mDEBUG[0m [2mfleet_tui::app[0m[2m:[0m event loop iteration 460
[2m2026-02-15T00:33:35.922169Z[0m [34mDEBUG[0m [2mfleet_tui::app[0m[2m:[0m event loop iteration 470
[2m2026-02-15T00:33:36.210586Z[0m [34mDEBUG[0m [2mfleet_tui::app[0m[2m:[0m editor key: modifiers=KeyModifiers(0x0), code=Backspace
[2m2026-02-15T00:33:36.929657Z[0m [34mDEBUG[0m [2mfleet_tui::app[0m[2m:[0m event loop iteration 480
[2m2026-02-15T00:33:37.644494Z[0m [34mDEBUG[0m [2mfleet_tui::app[0m[2m:[0m editor key: modifiers=KeyModifiers(0x0), code=Char(' ')
[2m2026-02-15T00:33:37.951741Z[0m [34mDEBUG[0m [2mfleet_tui::app[0m[2m:[0m event loop iteration 490
[2m2026-02-15T00:33:38.547365Z[0m [34mDEBUG[0m [2mfleet_tui::app[0m[2m:[0m editor key: modifiers=KeyModifiers(0x0), code=Char('s')
[2m2026-02-15T00:33:38.958236Z[0m [34mDEBUG[0m [2mfleet_tui::app[0m[2m:[0m event loop iteration 500
[2m2026-02-15T00:33:39.133930Z[0m [34mDEBUG[0m [2mfleet_tui::app[0m[2m:[0m editor key: modifiers=KeyModifiers(0x0), code=Backspace
[2m2026-02-15T00:33:39.955111Z[0m [34mDEBUG[0m [2mfleet_tui::app[0m[2m:[0m event loop iteration 510
[2m2026-02-15T00:33:40.980021Z[0m [34mDEBUG[0m [2mfleet_tui::app[0m[2m:[0m event loop iteration 520
[2m2026-02-15T00:33:42.005314Z[0m [34mDEBUG[0m [2mfleet_tui::app[0m[2m:[0m event loop iteration 530
[2m2026-02-15T00:33:42.567947Z[0m [34mDEBUG[0m [2mfleet_tui::app[0m[2m:[0m editor key: modifiers=KeyModifiers(0x0), code=Char('l')
[2m2026-02-15T00:33:42.611608Z[0m [34mDEBUG[0m [2mfleet_tui::app[0m[2m:[0m editor key: modifiers=KeyModifiers(0x0), code=Char('a')
[2m2026-02-15T00:33:42.665082Z[0m [34mDEBUG[0m [2mfleet_tui::app[0m[2m:[0m editor key: modifiers=KeyModifiers(0x0), code=Char('s')
[2m2026-02-15T00:33:42.870498Z[0m [34mDEBUG[0m [2mfleet_tui::app[0m[2m:[0m event loop iteration 540
[2m2026-02-15T00:33:42.878141Z[0m [34mDEBUG[0m [2mfleet_tui::app[0m[2m:[0m editor key: modifiers=KeyModifiers(0x0), code=Char('t')
[2m2026-02-15T00:33:43.802628Z[0m [34mDEBUG[0m [2mfleet_tui::app[0m[2m:[0m event loop iteration 550
[2m2026-02-15T00:33:43.810950Z[0m [34mDEBUG[0m [2mfleet_tui::app[0m[2m:[0m editor key: modifiers=KeyModifiers(0x0), code=Char(':')
[2m2026-02-15T00:33:44.102190Z[0m [34mDEBUG[0m [2mfleet_tui::app[0m[2m:[0m editor key: modifiers=KeyModifiers(0x0), code=Char('1')
[2m2026-02-15T00:33:44.718606Z[0m [34mDEBUG[0m [2mfleet_tui::app[0m[2m:[0m event loop iteration 560
[2m2026-02-15T00:33:45.535362Z[0m [34mDEBUG[0m [2mfleet_tui::app[0m[2m:[0m editor key: modifiers=KeyModifiers(0x0), code=Char('d')
[2m2026-02-15T00:33:45.740868Z[0m [34mDEBUG[0m [2mfleet_tui::app[0m[2m:[0m event loop iteration 570
[2m2026-02-15T00:33:46.245056Z[0m [34mDEBUG[0m [2mfleet_tui::app[0m[2m:[0m editor key: modifiers=KeyModifiers(0x0), code=Enter
[2m2026-02-15T00:33:46.759802Z[0m [34mDEBUG[0m [2mfleet_tui::app[0m[2m:[0m event loop iteration 580
[2m2026-02-15T00:33:47.786691Z[0m [34mDEBUG[0m [2mfleet_tui::app[0m[2m:[0m event loop iteration 590
[2m2026-02-15T00:33:48.812895Z[0m [34mDEBUG[0m [2mfleet_tui::app[0m[2m:[0m event loop iteration 600
[2m2026-02-15T00:33:48.980353Z[0m [34mDEBUG[0m [2mfleet_tui::app[0m[2m:[0m editor key: modifiers=KeyModifiers(0x0), code=Char('~')
[2m2026-02-15T00:33:49.668272Z[0m [34mDEBUG[0m [2mfleet_tui::app[0m[2m:[0m editor key: modifiers=KeyModifiers(0x0), code=Backspace
[2m2026-02-15T00:33:49.769660Z[0m [34mDEBUG[0m [2mfleet_tui::app[0m[2m:[0m editor key: modifiers=KeyModifiers(0x0), code=Char('\\')
[2m2026-02-15T00:33:49.769721Z[0m [34mDEBUG[0m [2mfleet_tui::app[0m[2m:[0m event loop iteration 610
[2m2026-02-15T00:33:50.476796Z[0m [34mDEBUG[0m [2mfleet_tui::app[0m[2m:[0m editor key: modifiers=KeyModifiers(0x0), code=Backspace
[2m2026-02-15T00:33:50.784831Z[0m [34mDEBUG[0m [2mfleet_tui::app[0m[2m:[0m event loop iteration 620
[2m2026-02-15T00:33:51.536980Z[0m [34mDEBUG[0m [2mfleet_tui::app[0m[2m:[0m editor key: modifiers=KeyModifiers(0x0), code=Char('`')
[2m2026-02-15T00:33:51.741658Z[0m [34mDEBUG[0m [2mfleet_tui::app[0m[2m:[0m event loop iteration 630
[2m2026-02-15T00:33:51.945505Z[0m [34mDEBUG[0m [2mfleet_tui::app[0m[2m:[0m editor key: modifiers=KeyModifiers(0x0), code=Backspace
[2m2026-02-15T00:33:52.238122Z[0m [34mDEBUG[0m [2mfleet_tui::app[0m[2m:[0m editor key: modifiers=KeyModifiers(SHIFT), code=Char('Z')
[2m2026-02-15T00:33:52.752562Z[0m [34mDEBUG[0m [2mfleet_tui::app[0m[2m:[0m event loop iteration 640
[2m2026-02-15T00:33:52.825701Z[0m [34mDEBUG[0m [2mfleet_tui::app[0m[2m:[0m editor key: modifiers=KeyModifiers(0x0), code=Backspace
[2m2026-02-15T00:33:53.221013Z[0m [34mDEBUG[0m [2mfleet_tui::app[0m[2m:[0m editor key: modifiers=KeyModifiers(0x0), code=Char('|')
[2m2026-02-15T00:33:53.734484Z[0m [34mDEBUG[0m [2mfleet_tui::app[0m[2m:[0m event loop iteration 650
[2m2026-02-15T00:33:54.785498Z[0m [34mDEBUG[0m [2mfleet_tui::app[0m[2m:[0m event loop iteration 660
[2m2026-02-15T00:33:55.812156Z[0m [34mDEBUG[0m [2mfleet_tui::app[0m[2m:[0m event loop iteration 670
[2m2026-02-15T00:33:56.838625Z[0m [34mDEBUG[0m [2mfleet_tui::app[0m[2m:[0m event loop iteration 680
[2m2026-02-15T00:33:57.865169Z[0m [34mDEBUG[0m [2mfleet_tui::app[0m[2m:[0m event loop iteration 690
[2m2026-02-15T00:33:58.891537Z[0m [34mDEBUG[0m [2mfleet_tui::app[0m[2m:[0m event loop iteration 700
[2m2026-02-15T00:33:59.916827Z[0m [34mDEBUG[0m [2mfleet_tui::app[0m[2m:[0m event loop iteration 710
[2m2026-02-15T00:34:00.942320Z[0m [34mDEBUG[0m [2mfleet_tui::app[0m[2m:[0m event loop iteration 720
[2m2026-02-15T00:34:01.679187Z[0m [34mDEBUG[0m [2mfleet_tui::app[0m[2m:[0m editor key: modifiers=KeyModifiers(0x0), code=Char(' ')
[2m2026-02-15T00:34:01.884614Z[0m [34mDEBUG[0m [2mfleet_tui::app[0m[2m:[0m event loop iteration 730
[2m2026-02-15T00:34:02.910384Z[0m [34mDEBUG[0m [2mfleet_tui::app[0m[2m:[0m event loop iteration 740
[2m2026-02-15T00:34:03.934954Z[0m [34mDEBUG[0m [2mfleet_tui::app[0m[2m:[0m event loop iteration 750
[2m2026-02-15T00:34:04.976323Z[0m [34mDEBUG[0m [2mfleet_tui::app[0m[2m:[0m event loop iteration 760
[2m2026-02-15T00:34:06.008873Z[0m [34mDEBUG[0m [2mfleet_tui::app[0m[2m:[0m event loop iteration 770
[2m2026-02-15T00:34:06.800736Z[0m [34mDEBUG[0m [2mfleet_tui::app[0m[2m:[0m editor key: modifiers=KeyModifiers(0x0), code=Char('t')
[2m2026-02-15T00:34:06.885661Z[0m [34mDEBUG[0m [2mfleet_tui::app[0m[2m:[0m editor key: modifiers=KeyModifiers(0x0), code=Char('i')
[2m2026-02-15T00:34:06.935195Z[0m [34mDEBUG[0m [2mfleet_tui::app[0m[2m:[0m editor key: modifiers=KeyModifiers(0x0), code=Char('m')
[2m2026-02-15T00:34:06.935249Z[0m [34mDEBUG[0m [2mfleet_tui::app[0m[2m:[0m event loop iteration 780
[2m2026-02-15T00:34:07.017068Z[0m [34mDEBUG[0m [2mfleet_tui::app[0m[2m:[0m editor key: modifiers=KeyModifiers(0x0), code=Char('e')
[2m2026-02-15T00:34:07.215065Z[0m [34mDEBUG[0m [2mfleet_tui::app[0m[2m:[0m editor key: modifiers=KeyModifiers(0x0), code=Char('c')
[2m2026-02-15T00:34:07.268701Z[0m [34mDEBUG[0m [2mfleet_tui::app[0m[2m:[0m editor key: modifiers=KeyModifiers(0x0), code=Char('h')
[2m2026-02-15T00:34:07.360357Z[0m [34mDEBUG[0m [2mfleet_tui::app[0m[2m:[0m editor key: modifiers=KeyModifiers(0x0), code=Char('a')
[2m2026-02-15T00:34:07.424528Z[0m [34mDEBUG[0m [2mfleet_tui::app[0m[2m:[0m editor key: modifiers=KeyModifiers(0x0), code=Char('r')
[2m2026-02-15T00:34:07.602748Z[0m [34mDEBUG[0m [2mfleet_tui::app[0m[2m:[0m editor key: modifiers=KeyModifiers(0x0), code=Char('t')
[2m2026-02-15T00:34:07.665591Z[0m [34mDEBUG[0m [2mfleet_tui::app[0m[2m:[0m editor key: modifiers=KeyModifiers(0x0), code=Char(' ')
[2m2026-02-15T00:34:07.768307Z[0m [34mDEBUG[0m [2mfleet_tui::app[0m[2m:[0m event loop iteration 790
[2m2026-02-15T00:34:07.835226Z[0m [34mDEBUG[0m [2mfleet_tui::app[0m[2m:[0m editor key: modifiers=KeyModifiers(0x0), code=Char('s')
[2m2026-02-15T00:34:07.877472Z[0m [34mDEBUG[0m [2mfleet_tui::app[0m[2m:[0m editor key: modifiers=KeyModifiers(0x0), code=Char('p')
[2m2026-02-15T00:34:08.019427Z[0m [34mDEBUG[0m [2mfleet_tui::app[0m[2m:[0m editor key: modifiers=KeyModifiers(0x0), code=Char('a')
[2m2026-02-15T00:34:08.115289Z[0m [34mDEBUG[0m [2mfleet_tui::app[0m[2m:[0m editor key: modifiers=KeyModifiers(0x0), code=Char('m')
[2m2026-02-15T00:34:08.443881Z[0m [34mDEBUG[0m [2mfleet_tui::app[0m[2m:[0m editor key: modifiers=KeyModifiers(0x0), code=Char('=')
[2m2026-02-15T00:34:08.546729Z[0m [34mDEBUG[0m [2mfleet_tui::app[0m[2m:[0m event loop iteration 800
[2m2026-02-15T00:34:08.724254Z[0m [34mDEBUG[0m [2mfleet_tui::app[0m[2m:[0m editor key: modifiers=KeyModifiers(0x0), code=Backspace
[2m2026-02-15T00:34:08.841357Z[0m [34mDEBUG[0m [2mfleet_tui::app[0m[2m:[0m editor key: modifiers=KeyModifiers(0x0), code=Backspace
[2m2026-02-15T00:34:08.923169Z[0m [34mDEBUG[0m [2mfleet_tui::app[0m[2m:[0m editor key: modifiers=KeyModifiers(0x0), code=Char('n')
[2m2026-02-15T00:34:09.006935Z[0m [34mDEBUG[0m [2mfleet_tui::app[0m[2m:[0m editor key: modifiers=KeyModifiers(0x0), code=Char('=')
[2m2026-02-15T00:34:09.417993Z[0m [34mDEBUG[0m [2mfleet_tui::app[0m[2m:[0m event loop iteration 810
[2m2026-02-15T00:34:10.444832Z[0m [34mDEBUG[0m [2mfleet_tui::app[0m[2m:[0m event loop iteration 820
[2m2026-02-15T00:34:11.470797Z[0m [34mDEBUG[0m [2mfleet_tui::app[0m[2m:[0m event loop iteration 830
[2m2026-02-15T00:34:12.495685Z[0m [34mDEBUG[0m [2mfleet_tui::app[0m[2m:[0m event loop iteration 840
[2m2026-02-15T00:34:13.522290Z[0m [34mDEBUG[0m [2mfleet_tui::app[0m[2m:[0m event loop iteration 850
[2m2026-02-15T00:34:14.549438Z[0m [34mDEBUG[0m [2mfleet_tui::app[0m[2m:[0m event loop iteration 860
[2m2026-02-15T00:34:14.775631Z[0m [34mDEBUG[0m [2mfleet_tui::app[0m[2m:[0m editor key: modifiers=KeyModifiers(0x0), code=Char('5')
[2m2026-02-15T00:34:14.875616Z[0m [34mDEBUG[0m [2mfleet_tui::app[0m[2m:[0m editor key: modifiers=KeyModifiers(0x0), code=Char('m')
[2m2026-02-15T00:34:15.494614Z[0m [34mDEBUG[0m [2mfleet_tui::app[0m[2m:[0m event loop iteration 870
[2m2026-02-15T00:34:15.801714Z[0m [34mDEBUG[0m [2mfleet_tui::app[0m[2m:[0m editor key: modifiers=KeyModifiers(0x0), code=Char(' ')
[2m2026-02-15T00:34:16.059050Z[0m [34mDEBUG[0m [2mfleet_tui::app[0m[2m:[0m editor key: modifiers=KeyModifiers(0x0), code=Char('c')
[2m2026-02-15T00:34:16.145791Z[0m [34mDEBUG[0m [2mfleet_tui::app[0m[2m:[0m editor key: modifiers=KeyModifiers(0x0), code=Char('o')
[2m2026-02-15T00:34:16.203901Z[0m [34mDEBUG[0m [2mfleet_tui::app[0m[2m:[0m editor key: modifiers=KeyModifiers(0x0), code=Char('u')
[2m2026-02-15T00:34:16.409368Z[0m [34mDEBUG[0m [2mfleet_tui::app[0m[2m:[0m event loop iteration 880
[2m2026-02-15T00:34:16.411262Z[0m [34mDEBUG[0m [2mfleet_tui::app[0m[2m:[0m editor key: modifiers=KeyModifiers(0x0), code=Char('n')
[2m2026-02-15T00:34:16.512264Z[0m [34mDEBUG[0m [2mfleet_tui::app[0m[2m:[0m editor key: modifiers=KeyModifiers(0x0), code=Char('t')
[2m2026-02-15T00:34:16.736821Z[0m [34mDEBUG[0m [2mfleet_tui::app[0m[2m:[0m editor key: modifiers=KeyModifiers(0x0), code=Char('(')
[2m2026-02-15T00:34:16.829162Z[0m [34mDEBUG[0m [2mfleet_tui::app[0m[2m:[0m editor key: modifiers=KeyModifiers(0x0), code=Char(')')
[2m2026-02-15T00:34:17.240066Z[0m [34mDEBUG[0m [2mfleet_tui::app[0m[2m:[0m event loop iteration 890
[2m2026-02-15T00:34:18.265851Z[0m [34mDEBUG[0m [2mfleet_tui::app[0m[2m:[0m event loop iteration 900
[2m2026-02-15T00:34:19.325032Z[0m [34mDEBUG[0m [2mfleet_tui::app[0m[2m:[0m event loop iteration 910
[2m2026-02-15T00:34:19.764268Z[0m [34mDEBUG[0m [2mfleet_tui::app[0m[2m:[0m editor key: modifiers=KeyModifiers(0x0), code=F(5)
[2m2026-02-15T00:34:19.764324Z[0m [32m INFO[0m [2mfleet_tui::app[0m[2m:[0m executing query with F5
[2m2026-02-15T00:34:19.764475Z[0m [32m INFO[0m [2mfleet_tui::app[0m[2m:[0m background task started for query: service:fleetd  last:1d
| timechart span=5m count()
[2m2026-02-15T00:34:20.277368Z[0m [34mDEBUG[0m [2mfleet_tui::app[0m[2m:[0m event loop iteration 920
[2m2026-02-15T00:34:21.302855Z[0m [34mDEBUG[0m [2mfleet_tui::app[0m[2m:[0m event loop iteration 930
[2m2026-02-15T00:34:22.328897Z[0m [34mDEBUG[0m [2mfleet_tui::app[0m[2m:[0m event loop iteration 940
[2m2026-02-15T00:34:23.067129Z[0m [32m INFO[0m [2mfleet_tui::app[0m[2m:[0m query completed in 3.302605542s, result: true
[2m2026-02-15T00:34:23.150395Z[0m [32m INFO[0m [2mfleet_tui::app[0m[2m:[0m received query result for tab 0
[2m2026-02-15T00:34:23.356726Z[0m [34mDEBUG[0m [2mfleet_tui::app[0m[2m:[0m event loop iteration 950
[2m2026-02-15T00:34:24.424194Z[0m [34mDEBUG[0m [2mfleet_tui::app[0m[2m:[0m event loop iteration 960
[2m2026-02-15T00:34:25.463897Z[0m [34mDEBUG[0m [2mfleet_tui::app[0m[2m:[0m event loop iteration 970
[2m2026-02-15T00:34:25.588755Z[0m [34mDEBUG[0m [2mfleet_tui::app[0m[2m:[0m editor key: modifiers=KeyModifiers(0x0), code=Tab
[2m2026-02-15T00:34:26.411412Z[0m [34mDEBUG[0m [2mfleet_tui::app[0m[2m:[0m event loop iteration 980
[2m2026-02-15T00:34:27.372761Z[0m [34mDEBUG[0m [2mfleet_tui::app[0m[2m:[0m event loop iteration 990
[2m2026-02-15T00:34:28.404172Z[0m [34mDEBUG[0m [2mfleet_tui::app[0m[2m:[0m event loop iteration 1000
[2m2026-02-15T00:34:29.470833Z[0m [34mDEBUG[0m [2mfleet_tui::app[0m[2m:[0m event loop iteration 1010
[2m2026-02-15T00:34:30.459231Z[0m [34mDEBUG[0m [2mfleet_tui::app[0m[2m:[0m event loop iteration 1020
[2m2026-02-15T00:34:31.490842Z[0m [34mDEBUG[0m [2mfleet_tui::app[0m[2m:[0m event loop iteration 1030
[2m2026-02-15T00:34:32.435754Z[0m [34mDEBUG[0m [2mfleet_tui::app[0m[2m:[0m event loop iteration 1040
[2m2026-02-15T00:34:33.208446Z[0m [34mDEBUG[0m [2mfleet_tui::app[0m[2m:[0m event loop iteration 1050
[2m2026-02-15T00:34:34.141719Z[0m [34mDEBUG[0m [2mfleet_tui::app[0m[2m:[0m event loop iteration 1060
[2m2026-02-15T00:34:35.059244Z[0m [34mDEBUG[0m [2mfleet_tui::app[0m[2m:[0m event loop iteration 1070
[2m2026-02-15T00:34:36.057897Z[0m [34mDEBUG[0m [2mfleet_tui::app[0m[2m:[0m event loop iteration 1080
[2m2026-02-15T00:34:36.892769Z[0m [34mDEBUG[0m [2mfleet_tui::app[0m[2m:[0m event loop iteration 1090
[2m2026-02-15T00:34:37.921841Z[0m [34mDEBUG[0m [2mfleet_tui::app[0m[2m:[0m event loop iteration 1100
[2m2026-02-15T00:34:38.969388Z[0m [34mDEBUG[0m [2mfleet_tui::app[0m[2m:[0m event loop iteration 1110
[2m2026-02-15T00:34:40.035214Z[0m [34mDEBUG[0m [2mfleet_tui::app[0m[2m:[0m event loop iteration 1120
[2m2026-02-15T00:34:41.068279Z[0m [34mDEBUG[0m [2mfleet_tui::app[0m[2m:[0m event loop iteration 1130
[2m2026-02-15T00:34:42.097315Z[0m [34mDEBUG[0m [2mfleet_tui::app[0m[2m:[0m event loop iteration 1140
[2m2026-02-15T00:34:43.125755Z[0m [34mDEBUG[0m [2mfleet_tui::app[0m[2m:[0m event loop iteration 1150
[2m2026-02-15T00:34:44.179006Z[0m [34mDEBUG[0m [2mfleet_tui::app[0m[2m:[0m event loop iteration 1160
[2m2026-02-15T00:34:45.255093Z[0m [34mDEBUG[0m [2mfleet_tui::app[0m[2m:[0m event loop iteration 1170
[2m2026-02-15T00:34:46.284011Z[0m [34mDEBUG[0m [2mfleet_tui::app[0m[2m:[0m event loop iteration 1180
[2m2026-02-15T00:34:47.335220Z[0m [34mDEBUG[0m [2mfleet_tui::app[0m[2m:[0m event loop iteration 1190
[2m2026-02-15T00:34:48.363737Z[0m [34mDEBUG[0m [2mfleet_tui::app[0m[2m:[0m event loop iteration 1200
[2m2026-02-15T00:34:49.405899Z[0m [34mDEBUG[0m [2mfleet_tui::app[0m[2m:[0m event loop iteration 1210
[2m2026-02-15T00:34:50.463424Z[0m [34mDEBUG[0m [2mfleet_tui::app[0m[2m:[0m event loop iteration 1220
[2m2026-02-15T00:34:51.492521Z[0m [34mDEBUG[0m [2mfleet_tui::app[0m[2m:[0m event loop iteration 1230
[2m2026-02-15T00:34:52.521762Z[0m [34mDEBUG[0m [2mfleet_tui::app[0m[2m:[0m event loop iteration 1240
[2m2026-02-15T00:34:53.551400Z[0m [34mDEBUG[0m [2mfleet_tui::app[0m[2m:[0m event loop iteration 1250
[2m2026-02-15T00:34:54.586206Z[0m [34mDEBUG[0m [2mfleet_tui::app[0m[2m:[0m event loop iteration 1260
[2m2026-02-15T00:34:55.618678Z[0m [34mDEBUG[0m [2mfleet_tui::app[0m[2m:[0m event loop iteration 1270
[2m2026-02-15T00:34:56.648137Z[0m [34mDEBUG[0m [2mfleet_tui::app[0m[2m:[0m event loop iteration 1280
[2m2026-02-15T00:34:57.687360Z[0m [34mDEBUG[0m [2mfleet_tui::app[0m[2m:[0m event loop iteration 1290
[2m2026-02-15T00:34:58.715846Z[0m [34mDEBUG[0m [2mfleet_tui::app[0m[2m:[0m event loop iteration 1300
[2m2026-02-15T00:34:59.746177Z[0m [34mDEBUG[0m [2mfleet_tui::app[0m[2m:[0m event loop iteration 1310
[2m2026-02-15T00:35:00.799263Z[0m [34mDEBUG[0m [2mfleet_tui::app[0m[2m:[0m event loop iteration 1320
[2m2026-02-15T00:35:01.827529Z[0m [34mDEBUG[0m [2mfleet_tui::app[0m[2m:[0m event loop iteration 1330
[2m2026-02-15T00:35:02.856858Z[0m [34mDEBUG[0m [2mfleet_tui::app[0m[2m:[0m event loop iteration 1340
[2m2026-02-15T00:35:03.885666Z[0m [34mDEBUG[0m [2mfleet_tui::app[0m[2m:[0m event loop iteration 1350
[2m2026-02-15T00:35:04.920455Z[0m [34mDEBUG[0m [2mfleet_tui::app[0m[2m:[0m event loop iteration 1360
[2m2026-02-15T00:35:05.962811Z[0m [34mDEBUG[0m [2mfleet_tui::app[0m[2m:[0m event loop iteration 1370
[2m2026-02-15T00:35:06.992080Z[0m [34mDEBUG[0m [2mfleet_tui::app[0m[2m:[0m event loop iteration 1380
[2m2026-02-15T00:35:08.022192Z[0m [34mDEBUG[0m [2mfleet_tui::app[0m[2m:[0m event loop iteration 1390
[2m2026-02-15T00:35:09.058493Z[0m [34mDEBUG[0m [2mfleet_tui::app[0m[2m:[0m event loop iteration 1400
[2m2026-02-15T00:35:10.106127Z[0m [34mDEBUG[0m [2mfleet_tui::app[0m[2m:[0m event loop iteration 1410
[2m2026-02-15T00:35:11.140563Z[0m [34mDEBUG[0m [2mfleet_tui::app[0m[2m:[0m event loop iteration 1420
[2m2026-02-15T00:35:12.167915Z[0m [34mDEBUG[0m [2mfleet_tui::app[0m[2m:[0m event loop iteration 1430
[2m2026-02-15T00:35:13.197697Z[0m [34mDEBUG[0m [2mfleet_tui::app[0m[2m:[0m event loop iteration 1440
[2m2026-02-15T00:35:14.231079Z[0m [34mDEBUG[0m [2mfleet_tui::app[0m[2m:[0m event loop iteration 1450
[2m2026-02-15T00:35:15.271482Z[0m [34mDEBUG[0m [2mfleet_tui::app[0m[2m:[0m event loop iteration 1460
[2m2026-02-15T00:35:16.310235Z[0m [34mDEBUG[0m [2mfleet_tui::app[0m[2m:[0m event loop iteration 1470
[2m2026-02-15T00:35:17.338806Z[0m [34mDEBUG[0m [2mfleet_tui::app[0m[2m:[0m event loop iteration 1480
[2m2026-02-15T00:35:18.369702Z[0m [34mDEBUG[0m [2mfleet_tui::app[0m[2m:[0m event loop iteration 1490
[2m2026-02-15T00:35:19.398407Z[0m [34mDEBUG[0m [2mfleet_tui::app[0m[2m:[0m event loop iteration 1500
[2m2026-02-15T00:35:20.438173Z[0m [34mDEBUG[0m [2mfleet_tui::app[0m[2m:[0m event loop iteration 1510
[2m2026-02-15T00:35:21.468262Z[0m [34mDEBUG[0m [2mfleet_tui::app[0m[2m:[0m event loop iteration 1520
[2m2026-02-15T00:35:22.496885Z[0m [34mDEBUG[0m [2mfleet_tui::app[0m[2m:[0m event loop iteration 1530
[2m2026-02-15T00:35:23.526307Z[0m [34mDEBUG[0m [2mfleet_tui::app[0m[2m:[0m event loop iteration 1540
[2m2026-02-15T00:35:24.578469Z[0m [34mDEBUG[0m [2mfleet_tui::app[0m[2m:[0m event loop iteration 1550
[2m2026-02-15T00:35:25.615421Z[0m [34mDEBUG[0m [2mfleet_tui::app[0m[2m:[0m event loop iteration 1560
[2m2026-02-15T00:35:26.644829Z[0m [34mDEBUG[0m [2mfleet_tui::app[0m[2m:[0m event loop iteration 1570
[2m2026-02-15T00:35:27.674248Z[0m [34mDEBUG[0m [2mfleet_tui::app[0m[2m:[0m event loop iteration 1580
[2m2026-02-15T00:35:28.704066Z[0m [34mDEBUG[0m [2mfleet_tui::app[0m[2m:[0m event loop iteration 1590
[2m2026-02-15T00:35:29.741207Z[0m [34mDEBUG[0m [2mfleet_tui::app[0m[2m:[0m event loop iteration 1600
[2m2026-02-15T00:35:30.772738Z[0m [34mDEBUG[0m [2mfleet_tui::app[0m[2m:[0m event loop iteration 1610
[2m2026-02-15T00:35:31.802296Z[0m [34mDEBUG[0m [2mfleet_tui::app[0m[2m:[0m event loop iteration 1620
[2m2026-02-15T00:35:32.832078Z[0m [34mDEBUG[0m [2mfleet_tui::app[0m[2m:[0m event loop iteration 1630
[2m2026-02-15T00:35:33.860160Z[0m [34mDEBUG[0m [2mfleet_tui::app[0m[2m:[0m event loop iteration 1640
[2m2026-02-15T00:35:34.926370Z[0m [34mDEBUG[0m [2mfleet_tui::app[0m[2m:[0m event loop iteration 1650
[2m2026-02-15T00:35:35.956351Z[0m [34mDEBUG[0m [2mfleet_tui::app[0m[2m:[0m event loop iteration 1660
[2m2026-02-15T00:35:36.985079Z[0m [34mDEBUG[0m [2mfleet_tui::app[0m[2m:[0m event loop iteration 1670
[2m2026-02-15T00:35:38.013766Z[0m [34mDEBUG[0m [2mfleet_tui::app[0m[2m:[0m event loop iteration 1680
[2m2026-02-15T00:35:39.043222Z[0m [34mDEBUG[0m [2mfleet_tui::app[0m[2m:[0m event loop iteration 1690
[2m2026-02-15T00:35:40.070624Z[0m [34mDEBUG[0m [2mfleet_tui::app[0m[2m:[0m event loop iteration 1700
[2m2026-02-15T00:35:41.112212Z[0m [34mDEBUG[0m [2mfleet_tui::app[0m[2m:[0m event loop iteration 1710
[2m2026-02-15T00:35:42.141743Z[0m [34mDEBUG[0m [2mfleet_tui::app[0m[2m:[0m event loop iteration 1720
[2m2026-02-15T00:35:43.170144Z[0m [34mDEBUG[0m [2mfleet_tui::app[0m[2m:[0m event loop iteration 1730
[2m2026-02-15T00:35:44.198721Z[0m [34mDEBUG[0m [2mfleet_tui::app[0m[2m:[0m event loop iteration 1740
[2m2026-02-15T00:35:45.228033Z[0m [34mDEBUG[0m [2mfleet_tui::app[0m[2m:[0m event loop iteration 1750
[2m2026-02-15T00:35:46.258245Z[0m [34mDEBUG[0m [2mfleet_tui::app[0m[2m:[0m event loop iteration 1760
[2m2026-02-15T00:35:47.287130Z[0m [34mDEBUG[0m [2mfleet_tui::app[0m[2m:[0m event loop iteration 1770
[2m2026-02-15T00:35:48.315877Z[0m [34mDEBUG[0m [2mfleet_tui::app[0m[2m:[0m event loop iteration 1780
[2m2026-02-15T00:35:49.344822Z[0m [34mDEBUG[0m [2mfleet_tui::app[0m[2m:[0m event loop iteration 1790
[2m2026-02-15T00:35:50.376880Z[0m [34mDEBUG[0m [2mfleet_tui::app[0m[2m:[0m event loop iteration 1800
[2m2026-02-15T00:35:51.404844Z[0m [34mDEBUG[0m [2mfleet_tui::app[0m[2m:[0m event loop iteration 1810
[2m2026-02-15T00:35:52.438859Z[0m [34mDEBUG[0m [2mfleet_tui::app[0m[2m:[0m event loop iteration 1820
[2m2026-02-15T00:35:53.467678Z[0m [34mDEBUG[0m [2mfleet_tui::app[0m[2m:[0m event loop iteration 1830
[2m2026-02-15T00:35:54.496147Z[0m [34mDEBUG[0m [2mfleet_tui::app[0m[2m:[0m event loop iteration 1840
[2m2026-02-15T00:35:55.525131Z[0m [34mDEBUG[0m [2mfleet_tui::app[0m[2m:[0m event loop iteration 1850
[2m2026-02-15T00:35:56.553213Z[0m [34mDEBUG[0m [2mfleet_tui::app[0m[2m:[0m event loop iteration 1860
[2m2026-02-15T00:35:57.582198Z[0m [34mDEBUG[0m [2mfleet_tui::app[0m[2m:[0m event loop iteration 1870
[2m2026-02-15T00:35:58.611644Z[0m [34mDEBUG[0m [2mfleet_tui::app[0m[2m:[0m event loop iteration 1880
[2m2026-02-15T00:35:59.641277Z[0m [34mDEBUG[0m [2mfleet_tui::app[0m[2m:[0m event loop iteration 1890
[2m2026-02-15T00:36:00.703585Z[0m [34mDEBUG[0m [2mfleet_tui::app[0m[2m:[0m event loop iteration 1900
[2m2026-02-15T00:36:01.733902Z[0m [34mDEBUG[0m [2mfleet_tui::app[0m[2m:[0m event loop iteration 1910
[2m2026-02-15T00:36:02.762044Z[0m [34mDEBUG[0m [2mfleet_tui::app[0m[2m:[0m event loop iteration 1920
[2m2026-02-15T00:36:03.792100Z[0m [34mDEBUG[0m [2mfleet_tui::app[0m[2m:[0m event loop iteration 1930
[2m2026-02-15T00:36:04.821660Z[0m [34mDEBUG[0m [2mfleet_tui::app[0m[2m:[0m event loop iteration 1940
[2m2026-02-15T00:36:05.850544Z[0m [34mDEBUG[0m [2mfleet_tui::app[0m[2m:[0m event loop iteration 1950
[2m2026-02-15T00:36:06.880147Z[0m [34mDEBUG[0m [2mfleet_tui::app[0m[2m:[0m event loop iteration 1960
[2m2026-02-15T00:36:07.909226Z[0m [34mDEBUG[0m [2mfleet_tui::app[0m[2m:[0m event loop iteration 1970
[2m2026-02-15T00:36:08.939145Z[0m [34mDEBUG[0m [2mfleet_tui::app[0m[2m:[0m event loop iteration 1980
[2m2026-02-15T00:36:09.969675Z[0m [34mDEBUG[0m [2mfleet_tui::app[0m[2m:[0m event loop iteration 1990
[2m2026-02-15T00:36:11.003527Z[0m [34mDEBUG[0m [2mfleet_tui::app[0m[2m:[0m event loop iteration 2000
[2m2026-02-15T00:36:12.033101Z[0m [34mDEBUG[0m [2mfleet_tui::app[0m[2m:[0m event loop iteration 2010
[2m2026-02-15T00:36:13.060800Z[0m [34mDEBUG[0m [2mfleet_tui::app[0m[2m:[0m event loop iteration 2020
[2m2026-02-15T00:36:14.090623Z[0m [34mDEBUG[0m [2mfleet_tui::app[0m[2m:[0m event loop iteration 2030
[2m2026-02-15T00:36:15.121040Z[0m [34mDEBUG[0m [2mfleet_tui::app[0m[2m:[0m event loop iteration 2040
[2m2026-02-15T00:36:16.149647Z[0m [34mDEBUG[0m [2mfleet_tui::app[0m[2m:[0m event loop iteration 2050
[2m2026-02-15T00:36:17.177340Z[0m [34mDEBUG[0m [2mfleet_tui::app[0m[2m:[0m event loop iteration 2060
[2m2026-02-15T00:36:18.204076Z[0m [34mDEBUG[0m [2mfleet_tui::app[0m[2m:[0m event loop iteration 2070
[2m2026-02-15T00:36:19.234374Z[0m [34mDEBUG[0m [2mfleet_tui::app[0m[2m:[0m event loop iteration 2080
[2m2026-02-15T00:36:20.264918Z[0m [34mDEBUG[0m [2mfleet_tui::app[0m[2m:[0m event loop iteration 2090
[2m2026-02-15T00:36:21.306576Z[0m [34mDEBUG[0m [2mfleet_tui::app[0m[2m:[0m event loop iteration 2100
[2m2026-02-15T00:36:22.335270Z[0m [34mDEBUG[0m [2mfleet_tui::app[0m[2m:[0m event loop iteration 2110
[2m2026-02-15T00:36:23.365528Z[0m [34mDEBUG[0m [2mfleet_tui::app[0m[2m:[0m event loop iteration 2120
[2m2026-02-15T00:36:24.395244Z[0m [34mDEBUG[0m [2mfleet_tui::app[0m[2m:[0m event loop iteration 2130
[2m2026-02-15T00:36:25.422827Z[0m [34mDEBUG[0m [2mfleet_tui::app[0m[2m:[0m event loop iteration 2140
[2m2026-02-15T00:36:26.451612Z[0m [34mDEBUG[0m [2mfleet_tui::app[0m[2m:[0m event loop iteration 2150
[2m2026-02-15T00:36:27.481005Z[0m [34mDEBUG[0m [2mfleet_tui::app[0m[2m:[0m event loop iteration 2160
[2m2026-02-15T00:36:28.509494Z[0m [34mDEBUG[0m [2mfleet_tui::app[0m[2m:[0m event loop iteration 2170
[2m2026-02-15T00:36:29.540007Z[0m [34mDEBUG[0m [2mfleet_tui::app[0m[2m:[0m event loop iteration 2180
[2m2026-02-15T00:36:30.569761Z[0m [34mDEBUG[0m [2mfleet_tui::app[0m[2m:[0m event loop iteration 2190
[2m2026-02-15T00:36:31.599543Z[0m [34mDEBUG[0m [2mfleet_tui::app[0m[2m:[0m event loop iteration 2200
[2m2026-02-15T00:36:32.664374Z[0m [34mDEBUG[0m [2mfleet_tui::app[0m[2m:[0m event loop iteration 2210
[2m2026-02-15T00:36:33.693312Z[0m [34mDEBUG[0m [2mfleet_tui::app[0m[2m:[0m event loop iteration 2220
[2m2026-02-15T00:36:34.723529Z[0m [34mDEBUG[0m [2mfleet_tui::app[0m[2m:[0m event loop iteration 2230
[2m2026-02-15T00:36:35.752385Z[0m [34mDEBUG[0m [2mfleet_tui::app[0m[2m:[0m event loop iteration 2240
[2m2026-02-15T00:36:36.782056Z[0m [34mDEBUG[0m [2mfleet_tui::app[0m[2m:[0m event loop iteration 2250
[2m2026-02-15T00:36:37.811529Z[0m [34mDEBUG[0m [2mfleet_tui::app[0m[2m:[0m event loop iteration 2260
[2m2026-02-15T00:36:38.841328Z[0m [34mDEBUG[0m [2mfleet_tui::app[0m[2m:[0m event loop iteration 2270
[2m2026-02-15T00:36:39.869288Z[0m [34mDEBUG[0m [2mfleet_tui::app[0m[2m:[0m event loop iteration 2280
[2m2026-02-15T00:36:40.898890Z[0m [34mDEBUG[0m [2mfleet_tui::app[0m[2m:[0m event loop iteration 2290
[2m2026-02-15T00:36:41.928660Z[0m [34mDEBUG[0m [2mfleet_tui::app[0m[2m:[0m event loop iteration 2300
[2m2026-02-15T00:36:42.962545Z[0m [34mDEBUG[0m [2mfleet_tui::app[0m[2m:[0m event loop iteration 2310
[2m2026-02-15T00:36:43.992474Z[0m [34mDEBUG[0m [2mfleet_tui::app[0m[2m:[0m event loop iteration 2320
[2m2026-02-15T00:36:45.021045Z[0m [34mDEBUG[0m [2mfleet_tui::app[0m[2m:[0m event loop iteration 2330
[2m2026-02-15T00:36:46.049709Z[0m [34mDEBUG[0m [2mfleet_tui::app[0m[2m:[0m event loop iteration 2340
[2m2026-02-15T00:36:47.077564Z[0m [34mDEBUG[0m [2mfleet_tui::app[0m[2m:[0m event loop iteration 2350
[2m2026-02-15T00:36:48.106497Z[0m [34mDEBUG[0m [2mfleet_tui::app[0m[2m:[0m event loop iteration 2360
[2m2026-02-15T00:36:49.134343Z[0m [34mDEBUG[0m [2mfleet_tui::app[0m[2m:[0m event loop iteration 2370
[2m2026-02-15T00:36:50.164625Z[0m [34mDEBUG[0m [2mfleet_tui::app[0m[2m:[0m event loop iteration 2380
[2m2026-02-15T00:36:51.192353Z[0m [34mDEBUG[0m [2mfleet_tui::app[0m[2m:[0m event loop iteration 2390
[2m2026-02-15T00:36:52.220713Z[0m [34mDEBUG[0m [2mfleet_tui::app[0m[2m:[0m event loop iteration 2400
[2m2026-02-15T00:36:53.254638Z[0m [34mDEBUG[0m [2mfleet_tui::app[0m[2m:[0m event loop iteration 2410
[2m2026-02-15T00:36:54.283996Z[0m [34mDEBUG[0m [2mfleet_tui::app[0m[2m:[0m event loop iteration 2420
[2m2026-02-15T00:36:55.313065Z[0m [34mDEBUG[0m [2mfleet_tui::app[0m[2m:[0m event loop iteration 2430
[2m2026-02-15T00:36:56.339985Z[0m [34mDEBUG[0m [2mfleet_tui::app[0m[2m:[0m event loop iteration 2440
[2m2026-02-15T00:36:57.369103Z[0m [34mDEBUG[0m [2mfleet_tui::app[0m[2m:[0m event loop iteration 2450
[2m2026-02-15T00:36:58.398628Z[0m [34mDEBUG[0m [2mfleet_tui::app[0m[2m:[0m event loop iteration 2460
[2m2026-02-15T00:36:59.427002Z[0m [34mDEBUG[0m [2mfleet_tui::app[0m[2m:[0m event loop iteration 2470
[2m2026-02-15T00:37:00.456409Z[0m [34mDEBUG[0m [2mfleet_tui::app[0m[2m:[0m event loop iteration 2480
[2m2026-02-15T00:37:01.488421Z[0m [34mDEBUG[0m [2mfleet_tui::app[0m[2m:[0m event loop iteration 2490
[2m2026-02-15T00:37:02.520524Z[0m [34mDEBUG[0m [2mfleet_tui::app[0m[2m:[0m event loop iteration 2500
[2m2026-02-15T00:37:03.560195Z[0m [34mDEBUG[0m [2mfleet_tui::app[0m[2m:[0m event loop iteration 2510
[2m2026-02-15T00:37:04.588686Z[0m [34mDEBUG[0m [2mfleet_tui::app[0m[2m:[0m event loop iteration 2520
[2m2026-02-15T00:37:05.618058Z[0m [34mDEBUG[0m [2mfleet_tui::app[0m[2m:[0m event loop iteration 2530
[2m2026-02-15T00:37:06.645883Z[0m [34mDEBUG[0m [2mfleet_tui::app[0m[2m:[0m event loop iteration 2540
[2m2026-02-15T00:37:07.674754Z[0m [34mDEBUG[0m [2mfleet_tui::app[0m[2m:[0m event loop iteration 2550
[2m2026-02-15T00:37:08.704429Z[0m [34mDEBUG[0m [2mfleet_tui::app[0m[2m:[0m event loop iteration 2560
[2m2026-02-15T00:37:09.733198Z[0m [34mDEBUG[0m [2mfleet_tui::app[0m[2m:[0m event loop iteration 2570
[2m2026-02-15T00:37:10.762439Z[0m [34mDEBUG[0m [2mfleet_tui::app[0m[2m:[0m event loop iteration 2580
[2m2026-02-15T00:37:11.792544Z[0m [34mDEBUG[0m [2mfleet_tui::app[0m[2m:[0m event loop iteration 2590
[2m2026-02-15T00:37:12.822008Z[0m [34mDEBUG[0m [2mfleet_tui::app[0m[2m:[0m event loop iteration 2600
[2m2026-02-15T00:37:13.856091Z[0m [34mDEBUG[0m [2mfleet_tui::app[0m[2m:[0m event loop iteration 2610
[2m2026-02-15T00:37:14.889920Z[0m [34mDEBUG[0m [2mfleet_tui::app[0m[2m:[0m event loop iteration 2620
[2m2026-02-15T00:37:15.918854Z[0m [34mDEBUG[0m [2mfleet_tui::app[0m[2m:[0m event loop iteration 2630
[2m2026-02-15T00:37:16.962076Z[0m [34mDEBUG[0m [2mfleet_tui::app[0m[2m:[0m event loop iteration 2640
[2m2026-02-15T00:37:17.992491Z[0m [34mDEBUG[0m [2mfleet_tui::app[0m[2m:[0m event loop iteration 2650
[2m2026-02-15T00:37:19.021945Z[0m [34mDEBUG[0m [2mfleet_tui::app[0m[2m:[0m event loop iteration 2660
[2m2026-02-15T00:37:20.052765Z[0m [34mDEBUG[0m [2mfleet_tui::app[0m[2m:[0m event loop iteration 2670
[2m2026-02-15T00:37:21.081956Z[0m [34mDEBUG[0m [2mfleet_tui::app[0m[2m:[0m event loop iteration 2680
[2m2026-02-15T00:37:22.111639Z[0m [34mDEBUG[0m [2mfleet_tui::app[0m[2m:[0m event loop iteration 2690
[2m2026-02-15T00:37:23.140042Z[0m [34mDEBUG[0m [2mfleet_tui::app[0m[2m:[0m event loop iteration 2700
[2m2026-02-15T00:37:24.170084Z[0m [34mDEBUG[0m [2mfleet_tui::app[0m[2m:[0m event loop iteration 2710
