
> trawl-web-ui-e2e@0.0.0 test
> playwright test tests/first-use.spec.ts tests/settings-disposition.spec.ts tests/readable-net-names.spec.ts tests/pre1-modal-lifetime.spec.ts tests/result-actions.spec.ts tests/pre1-auth.spec.ts tests/pre1-accessibility-layout.spec.ts --global-timeout=480000

[WebServer] (node:3889279) Warning: The 'NO_COLOR' env is ignored due to the 'FORCE_COLOR' env being set.
[WebServer] (Use `node --trace-warnings ...` to show where the warning was created)
[WebServer] e2e stub server listening on http://127.0.0.1:18243 (dist: /home/jakub/code/trawl/.worktrees/launch-readiness/crates/trawl-web-ui/dist)

Running 67 tests using 1 worker

(node:3889487) Warning: The 'NO_COLOR' env is ignored due to the 'FORCE_COLOR' env being set.
(Use `node --trace-warnings ...` to show where the warning was created)
  ✓   1 [chromium] › tests/first-use.spec.ts:8:5 › login explains personal keys and links operators to provisioning (2.5s)
  ✓   2 [chromium] › tests/first-use.spec.ts:24:7 › first search on Linux offers a bounded executable example and platform shortcut (889ms)
  ✓   3 [chromium] › tests/first-use.spec.ts:24:7 › first search on Mac offers a bounded executable example and platform shortcut (856ms)
  ✓   4 [chromium] › tests/first-use.spec.ts:41:5 › a direct zero-match search gives range and filter guidance (680ms)
  ✓   5 [chromium] › tests/first-use.spec.ts:47:5 › an empty later page does not claim that the query has no matches (784ms)
  ✓   6 [chromium] › tests/pre1-accessibility-layout.spec.ts:10:9 › absolute range keeps Haul reachable at 320px in light (1.1s)
  ✓   7 [chromium] › tests/pre1-accessibility-layout.spec.ts:10:9 › absolute range keeps Haul reachable at 390px in light (1.2s)
  ✓   8 [chromium] › tests/pre1-accessibility-layout.spec.ts:10:9 › absolute range keeps Haul reachable at 768px in light (1.0s)
  ✓   9 [chromium] › tests/pre1-accessibility-layout.spec.ts:10:9 › absolute range keeps Haul reachable at 1440px in light (1.2s)
  ✓  10 [chromium] › tests/pre1-accessibility-layout.spec.ts:37:7 › secondary text and degraded badges retain contrast in light (1.3s)
  ✓  11 [chromium] › tests/pre1-accessibility-layout.spec.ts:10:9 › absolute range keeps Haul reachable at 320px in dark (1.2s)
  ✓  12 [chromium] › tests/pre1-accessibility-layout.spec.ts:10:9 › absolute range keeps Haul reachable at 390px in dark (1.2s)
  ✓  13 [chromium] › tests/pre1-accessibility-layout.spec.ts:10:9 › absolute range keeps Haul reachable at 768px in dark (1.0s)
  ✓  14 [chromium] › tests/pre1-accessibility-layout.spec.ts:10:9 › absolute range keeps Haul reachable at 1440px in dark (1.0s)
  ✓  15 [chromium] › tests/pre1-accessibility-layout.spec.ts:37:7 › secondary text and degraded badges retain contrast in dark (1.5s)
  ✓  16 [chromium] › tests/pre1-accessibility-layout.spec.ts:88:5 › keyboard shortcuts bypass the rail and facets without changing the search (1.0s)
  ✓  17 [chromium] › tests/pre1-accessibility-layout.spec.ts:110:5 › drawer uses valid dialog semantics and keeps the background reachable (1.2s)
  ✓  18 [chromium] › tests/pre1-auth.spec.ts:9:7 › auth server failure retains the destination and retries without credentials (1.3s)
  ✓  19 [chromium] › tests/pre1-auth.spec.ts:9:7 › auth network failure retains the destination and retries without credentials (1.3s)
  ✓  20 [chromium] › tests/pre1-auth.spec.ts:28:5 › auth rejection redirects, while lack of permission has its own state (1.6s)
  ✓  21 [chromium] › tests/pre1-auth.spec.ts:40:7 › logout server failure remains visible until a successful retry (1.9s)
  ✓  22 [chromium] › tests/pre1-auth.spec.ts:40:7 › logout network failure remains visible until a successful retry (1.3s)
  ✓  23 [chromium] › tests/pre1-auth.spec.ts:64:5 › login validation identifies and focuses the invalid API key (3.9s)
  ✓  24 [chromium] › tests/pre1-auth.spec.ts:78:7 › login HTTP 401 associates the error with the key and distinguishes rejection (3.6s)
  ✓  25 [chromium] › tests/pre1-auth.spec.ts:78:7 › login HTTP 503 associates the error with the key and distinguishes rejection (3.1s)
  ✓  26 [chromium] › tests/pre1-modal-lifetime.spec.ts:12:9 › late Save success from search preserves a replacement dialog (1.7s)
  ✓  27 [chromium] › tests/pre1-modal-lifetime.spec.ts:12:9 › late Save failure from search preserves a replacement dialog (1.5s)
  ✓  28 [chromium] › tests/pre1-modal-lifetime.spec.ts:12:9 › late Save success from history preserves a replacement dialog (1.2s)
  ✓  29 [chromium] › tests/pre1-modal-lifetime.spec.ts:12:9 › late Save failure from history preserves a replacement dialog (1.6s)
  ✓  30 [chromium] › tests/pre1-modal-lifetime.spec.ts:49:7 › late Export success preserves a replacement dialog and reports once (1.6s)
  ✓  31 [chromium] › tests/pre1-modal-lifetime.spec.ts:49:7 › late Export failure preserves a replacement dialog and reports once (1.4s)
  ✓  32 [chromium] › tests/pre1-modal-lifetime.spec.ts:78:5 › Save completion survives navigation away from its page (1.3s)
  ✓  33 [chromium] › tests/readable-net-names.spec.ts:5:5 › readable net names preserve punctuation and show bounded refusals (1.6s)
  ✓  34 [chromium] › tests/readable-net-names.spec.ts:52:5 › readable net rename validates blanks and preserves the draft on refusal (1.2s)
  ✓  35 [chromium] › tests/result-actions.spec.ts:13:5 › result audit: numeric sorting and only original aggregate group Include (1.0s)
  ✓  36 [chromium] › tests/result-actions.spec.ts:34:5 › result audit: uppercase grouping keeps original lowercase output Include (860ms)
  ✓  37 [chromium] › tests/result-actions.spec.ts:51:7 › result audit: suppress transformed or saved input actions: * | let HOST = lower(host) | stats count() by host (829ms)
  ✓  38 [chromium] › tests/result-actions.spec.ts:51:7 › result audit: suppress transformed or saved input actions: * | stats count() by HOST | let host = lower(host) (816ms)
  ✓  39 [chromium] › tests/result-actions.spec.ts:51:7 › result audit: suppress transformed or saved input actions: * | stats count() by host | rename HOST as other (796ms)
  ✓  40 [chromium] › tests/result-actions.spec.ts:51:7 › result audit: suppress transformed or saved input actions: | from saved "example" | stats count() by host (778ms)
  ✓  41 [chromium] › tests/result-actions.spec.ts:60:5 › result audit: historical context owns absolute range and clears facets and page (894ms)
  ✓  42 [chromium] › tests/result-actions.spec.ts:79:5 › result audit: live aggregate Events replaces exact table while Visualization stays separate (831ms)
  ✓  43 [chromium] › tests/result-actions.spec.ts:96:5 › result audit: service tail refusal, retry, pause, resume and teardown (1.8s)
  ✓  44 [chromium] › tests/result-actions.spec.ts:116:5 › result audit: stats completion after Unicode and quoted pipe (1.0s)
  ✓  45 [chromium] › tests/result-actions.spec.ts:127:5 › result audit: pending query cannot retarget retained aggregate row actions (923ms)
  ✓  46 [chromium] › tests/result-actions.spec.ts:175:9 › result facet review: snapshot * | let status = 0 keeps original host and service (942ms)
  ✓  47 [chromium] › tests/result-actions.spec.ts:175:9 › result facet review: snapshot * | let STATUS = 0 keeps original host and service (870ms)
  ✓  48 [chromium] › tests/result-actions.spec.ts:175:9 › result facet review: snapshot * | rename message as summary keeps original host and service (856ms)
  ✓  49 [chromium] › tests/result-actions.spec.ts:175:9 › result facet review: snapshot * | rename MESSAGE as SUMMARY keeps original host and service (896ms)
  ✓  50 [chromium] › tests/result-actions.spec.ts:175:9 › result facet review: live * | let status = 0 keeps original host and service (871ms)
  ✓  51 [chromium] › tests/result-actions.spec.ts:175:9 › result facet review: live * | let STATUS = 0 keeps original host and service (755ms)
  ✓  52 [chromium] › tests/result-actions.spec.ts:175:9 › result facet review: live * | rename message as summary keeps original host and service (834ms)
  ✓  53 [chromium] › tests/result-actions.spec.ts:175:9 › result facet review: live * | rename MESSAGE as SUMMARY keeps original host and service (758ms)
  ✓  54 [chromium] › tests/result-actions.spec.ts:203:5 › result facet review: pending Include keeps Clear all and active count, and Clear all preserves the draft (927ms)
  ✓  55 [chromium] › tests/settings-disposition.spec.ts:10:5 › Settings opens Health and offers only Health and the existing Schema page (667ms)
  ✓  56 [chromium] › tests/settings-disposition.spec.ts:29:5 › Settings replaces its intermediate history entry and preserves the shell stream (884ms)
  ✓  57 [chromium] › tests/settings-disposition.spec.ts:62:7 › obsolete Settings sources route renders the existing NotFound page (514ms)
  ✓  58 [chromium] › tests/settings-disposition.spec.ts:62:7 › obsolete Settings retention route renders the existing NotFound page (553ms)
  ✓  59 [chromium] › tests/settings-disposition.spec.ts:62:7 › obsolete Settings users route renders the existing NotFound page (553ms)
  ✓  60 [chromium] › tests/settings-disposition.spec.ts:70:5 › Help is a native keyboard link and stays outside the full Settings palette inventory (1.0s)
  ✓  61 [chromium] › tests/settings-disposition.spec.ts:105:5 › Settings trailing slash reaches Health (629ms)
  ✓  62 [chromium] › tests/settings-disposition.spec.ts:158:7 › Save captures editor buffer: editor preview and POST preserve exact text without filters or range (742ms)
  ✓  63 [chromium] › tests/settings-disposition.spec.ts:158:7 › Save captures editor buffer: toolbar preview and POST preserve exact text without filters or range (709ms)
  ✓  64 [chromium] › tests/settings-disposition.spec.ts:176:5 › Save cancel sends no POST and reopening captures the new buffer (936ms)
  ✓  65 [chromium] › tests/settings-disposition.spec.ts:203:5 › Save keeps one modal and its captured buffer through a readable URL change (687ms)
  ✓  66 [chromium] › tests/settings-disposition.spec.ts:222:5 › Save retries an explicit POST failure with the original snapshot (764ms)
  ✓  67 [chromium] › tests/settings-disposition.spec.ts:241:5 › Save controls refuse malformed URLs and an open Save closes without a POST (689ms)

  67 passed (1.4m)
