2026-09-28T18:41:35.343318Z  INFO trawld: configuration loaded event_type="lifecycle" config=/etc/trawl/trawld.toml
2026-09-28T18:41:35.343370Z  INFO trawld: starting trawld event_type="lifecycle" https_addr=0.0.0.0:5514 data_path=/var/lib/trawl/data max_queries=16 version="0.9.0" git_sha="unknown" git_date="unknown" rustc="1.98.0" target="x86_64-unknown-linux-gnu" monitor=false
2026-09-28T18:41:59.475573Z  INFO trawl_server::store: app-state database migrated and advisory-locked event_type="storage_ready"
2026-09-28T18:41:59.489034Z  INFO trawld: boot publication recovery finished event_type="publication_recovery" markers=0 blocked=0 unlisted_envs=0
2026-09-28T18:41:59.489062Z  INFO trawld: storage epoch verified event_type="epoch_gate" outcome=FreshRoot epoch="3"
2026-09-28T18:42:11.524037Z  INFO trawl_server::catalog::conform: boot conformance pass starting (first boot with this catalog, a catalog/data-root identity mismatch, or an incomplete pass) event_type="catalog_conform_start" data_dir=/var/lib/trawl/data conformed=false
2026-09-28T18:42:11.559482Z  INFO trawl_server::catalog::conform: boot conformance pass complete event_type="catalog_conform_complete" scanned=0 rewritten=0 skipped=0 observed=0 conflicts=0
2026-09-28T18:42:11.559504Z  INFO trawld: boot conformance pass finished event_type="catalog_conform" ran=true scanned=0 rewritten=0 skipped=0 observed=0
2026-09-28T18:42:11.563198Z  INFO trawld: ingest pipeline enabled event_type="lifecycle" wal_dir=/var/lib/trawl/data/wal data_dir=/var/lib/trawl/data interval_secs=10
2026-09-28T18:42:11.563255Z  INFO trawl_server::ingest::compaction: compaction task started event_type="lifecycle" action="compaction_start" wal_dir=/var/lib/trawl/data/wal data_dir=/var/lib/trawl/data interval_secs=10 daily_rollup=true chunk_size=500 memory_limit=2GB
2026-09-28T18:42:11.563262Z  INFO trawl_server::retention: retention task started event_type="lifecycle" action="retention_start" data_dir=/var/lib/trawl/data max_age_days=90 min_free_disk_bytes=1073741824 interval_secs=3600
2026-09-28T18:42:11.563381Z  INFO trawl_server::tls: TLS certificate details event_type="tls_cert_details" subject= issuer=CN=trawl-270 kind proof CA not_before=Mon, 28 Sep 2026 18:41:24 +0000 not_after=Sun, 27 Dec 2026 18:41:24 +0000
2026-09-28T18:42:11.563476Z  INFO trawl_server::transport::http: HTTPS server listening event_type="lifecycle" addr=0.0.0.0:5514
2026-09-28T18:42:11.563931Z  INFO trawl_server::schema_refresh: service schema refresh complete event_type="schema_refresh_complete" services=0
2026-09-28T18:42:11.564970Z  INFO trawl_server::scheduler: scheduler started event_type="scheduler_started" poll_interval_secs=10 report_max_rows=10000
2026-09-28T18:42:17.583859Z  INFO trawl_server::audit: key audit task started event_type="lifecycle" action="audit_start" interval_secs=30 keys=0 roles=0
2026-09-28T18:42:31.650880Z  INFO trawl_server::ingest::compaction: compaction complete event_type="compaction_complete" compact_service=trawld output=/var/lib/trawl/data/prod/2026-09-28/18/trawld.parquet wal_files=2 merged=false rows=16 conflicts=0 output_bytes=14260 duration_ms=85
2026-09-28T18:42:51.734104Z  INFO trawl_server::ingest::compaction: compaction complete event_type="compaction_complete" compact_service=trawld output=/var/lib/trawl/data/prod/2026-09-28/18/trawld.parquet wal_files=1 merged=true rows=17 conflicts=0 output_bytes=16136 duration_ms=71
2026-09-28T18:43:11.564062Z  INFO trawl_server::stats: periodic server stats event_type="server_stats" uptime_secs=60 total_queries=0 pool_available=16 pool_max=16 pool_active=0 pool_retained=0 sse_available=32 hot_buffer_events=1 hot_buffer_bytes=871 hot_buffer_batches=1
2026-09-28T18:43:11.564348Z  INFO trawl_server::schema_refresh: service schema refresh complete event_type="schema_refresh_complete" services=1
2026-09-28T18:43:11.796181Z  INFO trawl_server::ingest::compaction: compaction complete event_type="compaction_complete" compact_service=trawld output=/var/lib/trawl/data/prod/2026-09-28/18/trawld.parquet wal_files=1 merged=true rows=18 conflicts=0 output_bytes=16246 duration_ms=54
