---
source: crates/trawl-admin/src/commands/keys.rs
expression: table.to_string()
---
╭──────────┬──────────────┬─────────┬───────────────┬────────┬─────────────────────┬─────────────────────╮
│ prefix   ┆ name         ┆ kind    ┆ grants        ┆ active ┆ created             ┆ last used           │
╞══════════╪══════════════╪═════════╪═══════════════╪════════╪═════════════════════╪═════════════════════╡
│ dGhpcyBp ┆ web-frontend ┆ human   ┆ trawl:analyst ┆ yes    ┆ 2026-02-10 12:00:00 ┆ 2026-02-10 14:30:00 │
├╌╌╌╌╌╌╌╌╌╌┼╌╌╌╌╌╌╌╌╌╌╌╌╌╌┼╌╌╌╌╌╌╌╌╌┼╌╌╌╌╌╌╌╌╌╌╌╌╌╌╌┼╌╌╌╌╌╌╌╌┼╌╌╌╌╌╌╌╌╌╌╌╌╌╌╌╌╌╌╌╌╌┼╌╌╌╌╌╌╌╌╌╌╌╌╌╌╌╌╌╌╌╌╌┤
│ YW5vdGhl ┆ cli-readonly ┆ service ┆ trawl:reader  ┆ yes    ┆ 2026-02-09 08:00:00 ┆ never               │
╰──────────┴──────────────┴─────────┴───────────────┴────────┴─────────────────────┴─────────────────────╯
