---
source: crates/trawl-cli/src/tui/ui/mod.rs
expression: terminal.backend().to_string()
---
" M-1 Query   M-2 History   M-3 Schema   M-4 Saved                        F1 help"
"                                                                                "
"┌ Query Editor ────────────────────────────────────────────────────────────────┐"
"│ level=error                                                                  │"
"│                                                                              │"
"│                                                                              │"
"│                                                                              │"
"│                                                                              │"
"│                                                                              │"
"│                                                                              │"
"│                                                                              │"
"└──────────────────────────────────────────────────────────────────────────────┘"
"┌ Results ─────────────────────────────────────────────────────────────────────┐"
"│ no results yet — execute a query with F5                                     │"
"│                                                                              │"
"│                                                                              │"
"│                                                                              │"
"│                                                                              │"
"│                                                                              │"
"│                                                                              │"
"│                                                                              │"
"│                                                                              │"
"└──────────────────────────────────────────────────────────────────────────────┘"
" [editor]                    Shift+Enter: execute | Ctrl+S: save | Ctrl+L: clear"
