---
source: crates/trawl-cli/src/tui/ui/mod.rs
expression: terminal.backend().to_string()
---
" M-1 Query   M-2 History   M-3 Schema   M-4 Saved       Shift+Enter run  F1 help"
"                                                                                "
"┌ Query Editor ────────────────────────────────────────────────────────────────┐"
"│                                                                              │"
"│                                                                              │"
"│                                                                              │"
"│                                                                              │"
"│                                                                              │"
"│               ┌ Save Query ──────────────────────────────────┐               │"
"│               │                                              │               │"
"│               │                                              │               │"
"└───────────────│         Enter a name for this query:         │───────────────┘"
"┌ Results ──────│                                              │───────────────┐"
"│ no results yet│                  > my query█                 │               │"
"│               │                                              │               │"
"│               └──────────────────────────────────────────────┘               │"
"│                                                                              │"
"│                                                                              │"
"│                                                                              │"
"│                                                                              │"
"│                                                                              │"
"│                                                                              │"
"└──────────────────────────────────────────────────────────────────────────────┘"
" [editor]                                   M-2: history | M-4: saved | F1: help"
