---
source: crates/trawl-cli/src/tui/ui/mod.rs
expression: terminal.backend().to_string()
---
" M-1 Query   M-2 History   M-3 Schema   M-4 Saved                               "
"                                                                                "
"┌ Query Editor ────────────────────────────────────────────────────────────────┐"
"│                                                                              │"
"│                                                                              │"
"│                                                                              │"
"│                                                                              │"
"│                                                                              │"
"│                                                                              │"
"│                                                                              │"
"│                                                                              │"
"└──────────────────────────────────────────────────────────────────────────────┘"
"┌ Results ─────────────────────────────────────────────────────────────────────┐"
"│                                                                              │"
"│                                     trawl                                    │"
"│                                                                              │"
"│                       Help: F1 or https://docs.trawl.sh                      │"
"│                                 Quit: Ctrl-Q                                 │"
"│                                                                              │"
"│                                Client: 0.1.10                                │"
"│                                   Server: —                                  │"
"│                                                                              │"
"└──────────────────────────────────────────────────────────────────────────────┘"
" [editor]                    Shift+Enter: execute | Ctrl+S: save | Ctrl+L: clear"
