---
source: crates/trawl-cli/src/tui/ui/mod.rs
expression: terminal.backend().to_string()
---
" M-1 Query   M-2 History   M-3 Schema   M-4 Saved                                                                                                               "
"                                                                                                                                                                "
"┌──────────────────────────────────────────────────────────────────────────────────────────────────────────────────────────────────────────────────────────────┐"
"│nightly errors [1h]                                                     nightly errors                                                                        │"
"│                                                                        ────────────────────────────────────────                                              │"
"│                                                                        query  _severity>=error | stats count() by service                                    │"
"│                                                                        sched  every 1h (enabled)                                                             │"
"│                                                                        runs   3                                                                              │"
"│                                                                                                                                                              │"
"│                                                                        runs (3 total)  ↑↓ navigate  Enter view  q query                                      │"
"│                                                                        ✓ #41    45m 120ms 12 rows  since_last [2026-03-14 02:00 .. 03:00)                    │"
"│                                                                        ✓ #40     1h 120ms 12 rows  fixed [2026-03-13 23:00 .. 2026-03-14 01:00) TRUNCATED    │"
"│                                                                        ✓ #39     2h 120ms 12 rows                                                            │"
"│                                                                                                                                                              │"
"│                                                                                                                                                              │"
"│                                                                                                                                                              │"
"│                                                                                                                                                              │"
"│                                                                                                                                                              │"
"└──────────────────────────────────────────────────────────────────────────────────────────────────────────────────────────────────────────────────────────────┘"
"idle [editor]                                                                                                Shift+Enter: execute | Ctrl+S: save | Ctrl+L: clear"
