---
source: crates/trawl-cli/tests/preview_ingest.rs
expression: mask_arrival(text(&output.stdout))
---
peer 192.0.2.1 (placeholder, no --peer-ip given; an event without a host depends on the sender), not a trusted relay; arrival [ARRIVAL]
╭───────┬──────────┬──────┬─────────┬────────────────────┬─────────────────────────────────────┬─────────────────────┬────────────────────────┬───────────────────────────────────────────────────────────────╮
│ index ┆ outcome  ┆ env  ┆ service ┆ host               ┆ _time                               ┆ _severity           ┆ repairs                ┆ reason or changes                                             │
╞═══════╪══════════╪══════╪═════════╪════════════════════╪═════════════════════════════════════╪═════════════════════╪════════════════════════╪═══════════════════════════════════════════════════════════════╡
│ 0     ┆ accepted ┆ prod ┆ api     ┆ web-1              ┆ 2026-01-01T10:00:00.000000Z (_time) ┆ warn (level)        ┆ -                      ┆ -                                                             │
├╌╌╌╌╌╌╌┼╌╌╌╌╌╌╌╌╌╌┼╌╌╌╌╌╌┼╌╌╌╌╌╌╌╌╌┼╌╌╌╌╌╌╌╌╌╌╌╌╌╌╌╌╌╌╌╌┼╌╌╌╌╌╌╌╌╌╌╌╌╌╌╌╌╌╌╌╌╌╌╌╌╌╌╌╌╌╌╌╌╌╌╌╌╌┼╌╌╌╌╌╌╌╌╌╌╌╌╌╌╌╌╌╌╌╌╌┼╌╌╌╌╌╌╌╌╌╌╌╌╌╌╌╌╌╌╌╌╌╌╌╌┼╌╌╌╌╌╌╌╌╌╌╌╌╌╌╌╌╌╌╌╌╌╌╌╌╌╌╌╌╌╌╌╌╌╌╌╌╌╌╌╌╌╌╌╌╌╌╌╌╌╌╌╌╌╌╌╌╌╌╌╌╌╌╌┤
│ 1     ┆ accepted ┆ prod ┆ worker  ┆ 192.0.2.1 (sender) ┆ arrival (bad timestamp)             ┆ error (level)       ┆ field.name_case_folded ┆ Level → level                                                 │
│       ┆          ┆      ┆         ┆                    ┆                                     ┆                     ┆ time.from_ingest       ┆ ctx stringified                                               │
│       ┆          ┆      ┆         ┆                    ┆                                     ┆                     ┆ env.defaulted          ┆                                                               │
│       ┆          ┆      ┆         ┆                    ┆                                     ┆                     ┆ host.from_peer         ┆                                                               │
├╌╌╌╌╌╌╌┼╌╌╌╌╌╌╌╌╌╌┼╌╌╌╌╌╌┼╌╌╌╌╌╌╌╌╌┼╌╌╌╌╌╌╌╌╌╌╌╌╌╌╌╌╌╌╌╌┼╌╌╌╌╌╌╌╌╌╌╌╌╌╌╌╌╌╌╌╌╌╌╌╌╌╌╌╌╌╌╌╌╌╌╌╌╌┼╌╌╌╌╌╌╌╌╌╌╌╌╌╌╌╌╌╌╌╌╌┼╌╌╌╌╌╌╌╌╌╌╌╌╌╌╌╌╌╌╌╌╌╌╌╌┼╌╌╌╌╌╌╌╌╌╌╌╌╌╌╌╌╌╌╌╌╌╌╌╌╌╌╌╌╌╌╌╌╌╌╌╌╌╌╌╌╌╌╌╌╌╌╌╌╌╌╌╌╌╌╌╌╌╌╌╌╌╌╌┤
│ 3     ┆ rejected ┆ -    ┆ -       ┆ -                  ┆ -                                   ┆ -                   ┆ -                      ┆ invalid_json: invalid JSON: expected ident at line 1 column 2 │
├╌╌╌╌╌╌╌┼╌╌╌╌╌╌╌╌╌╌┼╌╌╌╌╌╌┼╌╌╌╌╌╌╌╌╌┼╌╌╌╌╌╌╌╌╌╌╌╌╌╌╌╌╌╌╌╌┼╌╌╌╌╌╌╌╌╌╌╌╌╌╌╌╌╌╌╌╌╌╌╌╌╌╌╌╌╌╌╌╌╌╌╌╌╌┼╌╌╌╌╌╌╌╌╌╌╌╌╌╌╌╌╌╌╌╌╌┼╌╌╌╌╌╌╌╌╌╌╌╌╌╌╌╌╌╌╌╌╌╌╌╌┼╌╌╌╌╌╌╌╌╌╌╌╌╌╌╌╌╌╌╌╌╌╌╌╌╌╌╌╌╌╌╌╌╌╌╌╌╌╌╌╌╌╌╌╌╌╌╌╌╌╌╌╌╌╌╌╌╌╌╌╌╌╌╌┤
│ 4     ┆ rejected ┆ -    ┆ -       ┆ (sender)           ┆ -                                   ┆ -                   ┆ -                      ┆ missing_service: missing 'service' field                      │
├╌╌╌╌╌╌╌┼╌╌╌╌╌╌╌╌╌╌┼╌╌╌╌╌╌┼╌╌╌╌╌╌╌╌╌┼╌╌╌╌╌╌╌╌╌╌╌╌╌╌╌╌╌╌╌╌┼╌╌╌╌╌╌╌╌╌╌╌╌╌╌╌╌╌╌╌╌╌╌╌╌╌╌╌╌╌╌╌╌╌╌╌╌╌┼╌╌╌╌╌╌╌╌╌╌╌╌╌╌╌╌╌╌╌╌╌┼╌╌╌╌╌╌╌╌╌╌╌╌╌╌╌╌╌╌╌╌╌╌╌╌┼╌╌╌╌╌╌╌╌╌╌╌╌╌╌╌╌╌╌╌╌╌╌╌╌╌╌╌╌╌╌╌╌╌╌╌╌╌╌╌╌╌╌╌╌╌╌╌╌╌╌╌╌╌╌╌╌╌╌╌╌╌╌╌┤
│ 5     ┆ accepted ┆ prod ┆ api     ┆ web-2              ┆ 2026-01-01T10:00:01.000000Z (_time) ┆ unmapped (severity) ┆ env.defaulted          ┆ -                                                             │
╰───────┴──────────┴──────┴─────────┴────────────────────┴─────────────────────────────────────┴─────────────────────┴────────────────────────┴───────────────────────────────────────────────────────────────╯
5 event(s): 3 accepted, 2 rejected; 2 depend on the sender's address (pass --peer-ip)
