---
source: crates/fleet-admin/src/commands/keys.rs
expression: table.to_string()
---
╭──────────┬──────────────┬─────────┬────────┬─────────────────────┬─────────────────────╮
│ prefix   ┆ name         ┆ role    ┆ active ┆ created             ┆ last used           │
╞══════════╪══════════════╪═════════╪════════╪═════════════════════╪═════════════════════╡
│ dGhpcyBp ┆ web-frontend ┆ analyst ┆ yes    ┆ 2026-02-10 12:00:00 ┆ 2026-02-10 14:30:00 │
├╌╌╌╌╌╌╌╌╌╌┼╌╌╌╌╌╌╌╌╌╌╌╌╌╌┼╌╌╌╌╌╌╌╌╌┼╌╌╌╌╌╌╌╌┼╌╌╌╌╌╌╌╌╌╌╌╌╌╌╌╌╌╌╌╌╌┼╌╌╌╌╌╌╌╌╌╌╌╌╌╌╌╌╌╌╌╌╌┤
│ YW5vdGhl ┆ cli-readonly ┆ reader  ┆ yes    ┆ 2026-02-09 08:00:00 ┆ never               │
╰──────────┴──────────────┴─────────┴────────┴─────────────────────┴─────────────────────╯
