---
source: crates/fleet-admin/src/commands/roles.rs
expression: format_roles_table(&roles).to_string()
---
╭─────────────┬──────────┬─────────────────────────────────────────────────────╮
│ name        ┆ rate_rpm ┆ permissions                                         │
╞═════════════╪══════════╪═════════════════════════════════════════════════════╡
│ trawl-admin ┆ -        ┆ trawl:query, trawl:schema_read, trawl:server_manage │
├╌╌╌╌╌╌╌╌╌╌╌╌╌┼╌╌╌╌╌╌╌╌╌╌┼╌╌╌╌╌╌╌╌╌╌╌╌╌╌╌╌╌╌╌╌╌╌╌╌╌╌╌╌╌╌╌╌╌╌╌╌╌╌╌╌╌╌╌╌╌╌╌╌╌╌╌╌╌┤
│ shipper     ┆ 2000     ┆ trawl:ingest                                        │
├╌╌╌╌╌╌╌╌╌╌╌╌╌┼╌╌╌╌╌╌╌╌╌╌┼╌╌╌╌╌╌╌╌╌╌╌╌╌╌╌╌╌╌╌╌╌╌╌╌╌╌╌╌╌╌╌╌╌╌╌╌╌╌╌╌╌╌╌╌╌╌╌╌╌╌╌╌╌┤
│ placeholder ┆ -        ┆ (none)                                              │
╰─────────────┴──────────┴─────────────────────────────────────────────────────╯
