Packaging source 0f01318e212e37c6f3ade2f0f47d7e690a7e0f10, tracked changes: True
dpkg-gensymbols: warning: new libraries appeared in the symbols file: libduckdb.so
dpkg-gensymbols: warning: no debian/symbols file used as basis for generating /tmp/trawl-deb-fwss44uc/runtime/DEBIAN/symbols
dpkg-shlibdeps: warning: diversions involved - output may be incorrect
 diversion by libc6 from: /lib64/ld-linux-x86-64.so.2
dpkg-shlibdeps: warning: diversions involved - output may be incorrect
 diversion by libc6 to: /lib64/ld-linux-x86-64.so.2.usr-is-merged
dpkg-shlibdeps: warning: $ORIGIN is used in RPATH of /home/jakub/code/trawl/.flow-worktrees/launch-distribution-review/target/deb-harness/x86_64-unknown-linux-gnu/release/trawl and the corresponding directory could not be identified due to lack of DEBIAN sub-directory in the root of package's build tree
dpkg-shlibdeps: warning: $ORIGIN is used in RPATH of /home/jakub/code/trawl/.flow-worktrees/launch-distribution-review/target/deb-harness/x86_64-unknown-linux-gnu/release/trawl and the corresponding directory could not be identified due to lack of DEBIAN sub-directory in the root of package's build tree
dpkg-shlibdeps: warning: $ORIGIN is used in RPATH of /home/jakub/code/trawl/.flow-worktrees/launch-distribution-review/target/deb-harness/x86_64-unknown-linux-gnu/release/trawl and the corresponding directory could not be identified due to lack of DEBIAN sub-directory in the root of package's build tree
dpkg-shlibdeps: warning: $ORIGIN is used in RPATH of /home/jakub/code/trawl/.flow-worktrees/launch-distribution-review/target/deb-harness/x86_64-unknown-linux-gnu/release/trawl and the corresponding directory could not be identified due to lack of DEBIAN sub-directory in the root of package's build tree
dpkg-shlibdeps: warning: $ORIGIN is used in RPATH of /home/jakub/code/trawl/.flow-worktrees/launch-distribution-review/target/deb-harness/x86_64-unknown-linux-gnu/release/trawl and the corresponding directory could not be identified due to lack of DEBIAN sub-directory in the root of package's build tree
dpkg-shlibdeps: warning: $ORIGIN is used in RPATH of /home/jakub/code/trawl/.flow-worktrees/launch-distribution-review/target/deb-harness/x86_64-unknown-linux-gnu/release/trawl and the corresponding directory could not be identified due to lack of DEBIAN sub-directory in the root of package's build tree
dpkg-shlibdeps: warning: diversions involved - output may be incorrect
 diversion by libc6 from: /lib64/ld-linux-x86-64.so.2
dpkg-shlibdeps: warning: diversions involved - output may be incorrect
 diversion by libc6 to: /lib64/ld-linux-x86-64.so.2.usr-is-merged
dpkg-shlibdeps: warning: binaries to analyze should already be installed in their package's directory
dpkg-shlibdeps: warning: package could avoid a useless dependency if /home/jakub/code/trawl/.flow-worktrees/launch-distribution-review/target/deb-harness/x86_64-unknown-linux-gnu/release/trawl was not linked against libdl.so.2 (it uses none of the library's symbols)
dpkg-shlibdeps: warning: package could avoid a useless dependency if /home/jakub/code/trawl/.flow-worktrees/launch-distribution-review/target/deb-harness/x86_64-unknown-linux-gnu/release/trawl was not linked against libpthread.so.0 (it uses none of the library's symbols)
/home/jakub/code/trawl/.flow-worktrees/launch-distribution-review/target/deb-harness/container-tmp-proof/debian/trawl-cli_0.4.0-1_amd64.deb
dpkg-shlibdeps: warning: $ORIGIN is used in RPATH of /home/jakub/code/trawl/.flow-worktrees/launch-distribution-review/target/deb-harness/x86_64-unknown-linux-gnu/release/trawld and the corresponding directory could not be identified due to lack of DEBIAN sub-directory in the root of package's build tree
dpkg-shlibdeps: warning: $ORIGIN is used in RPATH of /home/jakub/code/trawl/.flow-worktrees/launch-distribution-review/target/deb-harness/x86_64-unknown-linux-gnu/release/trawld and the corresponding directory could not be identified due to lack of DEBIAN sub-directory in the root of package's build tree
dpkg-shlibdeps: warning: $ORIGIN is used in RPATH of /home/jakub/code/trawl/.flow-worktrees/launch-distribution-review/target/deb-harness/x86_64-unknown-linux-gnu/release/trawld and the corresponding directory could not be identified due to lack of DEBIAN sub-directory in the root of package's build tree
dpkg-shlibdeps: warning: $ORIGIN is used in RPATH of /home/jakub/code/trawl/.flow-worktrees/launch-distribution-review/target/deb-harness/x86_64-unknown-linux-gnu/release/trawld and the corresponding directory could not be identified due to lack of DEBIAN sub-directory in the root of package's build tree
dpkg-shlibdeps: warning: $ORIGIN is used in RPATH of /home/jakub/code/trawl/.flow-worktrees/launch-distribution-review/target/deb-harness/x86_64-unknown-linux-gnu/release/trawld and the corresponding directory could not be identified due to lack of DEBIAN sub-directory in the root of package's build tree
dpkg-shlibdeps: warning: $ORIGIN is used in RPATH of /home/jakub/code/trawl/.flow-worktrees/launch-distribution-review/target/deb-harness/x86_64-unknown-linux-gnu/release/trawld and the corresponding directory could not be identified due to lack of DEBIAN sub-directory in the root of package's build tree
dpkg-shlibdeps: warning: diversions involved - output may be incorrect
 diversion by libc6 from: /lib64/ld-linux-x86-64.so.2
dpkg-shlibdeps: warning: diversions involved - output may be incorrect
 diversion by libc6 to: /lib64/ld-linux-x86-64.so.2.usr-is-merged
dpkg-shlibdeps: warning: binaries to analyze should already be installed in their package's directory
dpkg-shlibdeps: warning: $ORIGIN is used in RPATH of /home/jakub/code/trawl/.flow-worktrees/launch-distribution-review/target/deb-harness/x86_64-unknown-linux-gnu/release/fleet-admin and the corresponding directory could not be identified due to lack of DEBIAN sub-directory in the root of package's build tree
dpkg-shlibdeps: warning: $ORIGIN is used in RPATH of /home/jakub/code/trawl/.flow-worktrees/launch-distribution-review/target/deb-harness/x86_64-unknown-linux-gnu/release/fleet-admin and the corresponding directory could not be identified due to lack of DEBIAN sub-directory in the root of package's build tree
dpkg-shlibdeps: warning: $ORIGIN is used in RPATH of /home/jakub/code/trawl/.flow-worktrees/launch-distribution-review/target/deb-harness/x86_64-unknown-linux-gnu/release/fleet-admin and the corresponding directory could not be identified due to lack of DEBIAN sub-directory in the root of package's build tree
dpkg-shlibdeps: warning: $ORIGIN is used in RPATH of /home/jakub/code/trawl/.flow-worktrees/launch-distribution-review/target/deb-harness/x86_64-unknown-linux-gnu/release/fleet-admin and the corresponding directory could not be identified due to lack of DEBIAN sub-directory in the root of package's build tree
dpkg-shlibdeps: warning: $ORIGIN is used in RPATH of /home/jakub/code/trawl/.flow-worktrees/launch-distribution-review/target/deb-harness/x86_64-unknown-linux-gnu/release/fleet-admin and the corresponding directory could not be identified due to lack of DEBIAN sub-directory in the root of package's build tree
dpkg-shlibdeps: warning: binaries to analyze should already be installed in their package's directory
dpkg-shlibdeps: warning: $ORIGIN is used in RPATH of /home/jakub/code/trawl/.flow-worktrees/launch-distribution-review/target/deb-harness/x86_64-unknown-linux-gnu/release/trawl-web and the corresponding directory could not be identified due to lack of DEBIAN sub-directory in the root of package's build tree
dpkg-shlibdeps: warning: $ORIGIN is used in RPATH of /home/jakub/code/trawl/.flow-worktrees/launch-distribution-review/target/deb-harness/x86_64-unknown-linux-gnu/release/trawl-web and the corresponding directory could not be identified due to lack of DEBIAN sub-directory in the root of package's build tree
dpkg-shlibdeps: warning: $ORIGIN is used in RPATH of /home/jakub/code/trawl/.flow-worktrees/launch-distribution-review/target/deb-harness/x86_64-unknown-linux-gnu/release/trawl-web and the corresponding directory could not be identified due to lack of DEBIAN sub-directory in the root of package's build tree
dpkg-shlibdeps: warning: $ORIGIN is used in RPATH of /home/jakub/code/trawl/.flow-worktrees/launch-distribution-review/target/deb-harness/x86_64-unknown-linux-gnu/release/trawl-web and the corresponding directory could not be identified due to lack of DEBIAN sub-directory in the root of package's build tree
dpkg-shlibdeps: warning: $ORIGIN is used in RPATH of /home/jakub/code/trawl/.flow-worktrees/launch-distribution-review/target/deb-harness/x86_64-unknown-linux-gnu/release/trawl-web and the corresponding directory could not be identified due to lack of DEBIAN sub-directory in the root of package's build tree
dpkg-shlibdeps: warning: binaries to analyze should already be installed in their package's directory
dpkg-shlibdeps: warning: $ORIGIN is used in RPATH of /home/jakub/code/trawl/.flow-worktrees/launch-distribution-review/target/deb-harness/x86_64-unknown-linux-gnu/release/trawl-admin and the corresponding directory could not be identified due to lack of DEBIAN sub-directory in the root of package's build tree
dpkg-shlibdeps: warning: $ORIGIN is used in RPATH of /home/jakub/code/trawl/.flow-worktrees/launch-distribution-review/target/deb-harness/x86_64-unknown-linux-gnu/release/trawl-admin and the corresponding directory could not be identified due to lack of DEBIAN sub-directory in the root of package's build tree
dpkg-shlibdeps: warning: $ORIGIN is used in RPATH of /home/jakub/code/trawl/.flow-worktrees/launch-distribution-review/target/deb-harness/x86_64-unknown-linux-gnu/release/trawl-admin and the corresponding directory could not be identified due to lack of DEBIAN sub-directory in the root of package's build tree
dpkg-shlibdeps: warning: binaries to analyze should already be installed in their package's directory
dpkg-shlibdeps: warning: package could avoid a useless dependency if /home/jakub/code/trawl/.flow-worktrees/launch-distribution-review/target/deb-harness/x86_64-unknown-linux-gnu/release/trawld /home/jakub/code/trawl/.flow-worktrees/launch-distribution-review/target/deb-harness/x86_64-unknown-linux-gnu/release/fleet-admin /home/jakub/code/trawl/.flow-worktrees/launch-distribution-review/target/deb-harness/x86_64-unknown-linux-gnu/release/trawl-web /home/jakub/code/trawl/.flow-worktrees/launch-distribution-review/target/deb-harness/x86_64-unknown-linux-gnu/release/trawl-admin were not linked against libdl.so.2 (they use none of the library's symbols)
dpkg-shlibdeps: warning: package could avoid a useless dependency if /home/jakub/code/trawl/.flow-worktrees/launch-distribution-review/target/deb-harness/x86_64-unknown-linux-gnu/release/trawld /home/jakub/code/trawl/.flow-worktrees/launch-distribution-review/target/deb-harness/x86_64-unknown-linux-gnu/release/fleet-admin /home/jakub/code/trawl/.flow-worktrees/launch-distribution-review/target/deb-harness/x86_64-unknown-linux-gnu/release/trawl-web /home/jakub/code/trawl/.flow-worktrees/launch-distribution-review/target/deb-harness/x86_64-unknown-linux-gnu/release/trawl-admin were not linked against libpthread.so.0 (they use none of the library's symbols)
/home/jakub/code/trawl/.flow-worktrees/launch-distribution-review/target/deb-harness/container-tmp-proof/debian/trawl-server_0.4.0-1_amd64.deb
