---
source: crates/trawl-core/src/emitter/mod.rs
expression: "emit_dsl(\"NOT (service=nginx OR service=apache) _severity=error\")"
---
SELECT *
FROM read_parquet('/data/**/*.parquet', union_by_name=true)
WHERE NOT ((("service" = ?) OR ("service" = ?))) AND "_severity" = ?
---
params:
  0: 'nginx'
  1: 'apache'
  2: 'error'
