Selecting previously unselected package trawl-cli.
(Reading database ... 24200 files and directories currently installed.)
Preparing to unpack .../trawl-cli_0.4.0-1_amd64.deb ...
Unpacking trawl-cli (0.4.0-1) ...
Selecting previously unselected package trawl-runtime.
Preparing to unpack .../trawl-runtime_0.4.0-1_amd64.deb ...
Unpacking trawl-runtime (0.4.0-1) ...
Selecting previously unselected package trawl-server.
Preparing to unpack .../trawl-server_0.4.0-1_amd64.deb ...
Unpacking trawl-server (0.4.0-1) ...
Setting up trawl-runtime (0.4.0-1) ...
Setting up trawl-server (0.4.0-1) ...
Created symlink /etc/systemd/system/multi-user.target.wants/trawld.service → /lib/systemd/system/trawld.service.
Created symlink /etc/systemd/system/multi-user.target.wants/trawl-web.service → /lib/systemd/system/trawl-web.service.
Setting up trawl-cli (0.4.0-1) ...
{"version": "trawl 0.4.0 (384a28a8 2026-09-13, rustc 1.98.0, x86_64-unknown-linux-gnu)", "input_rows": 3, "export_rows": 2, "status": "passed"}
DuckDB 1.5.5: built-in ICU/JSON/Parquet, UTC/IANA timezone and offline Parquet checks passed
Configuration is valid: /tmp/trawl-check.toml
secure=1 duckdb=v1.5.5
(Reading database ... 24223 files and directories currently installed.)
Removing trawl-cli (0.4.0-1) ...
(Reading database ... 24220 files and directories currently installed.)
Removing trawl-server (0.4.0-1) ...
(Reading database ... 24208 files and directories currently installed.)
Removing trawl-runtime (0.4.0-1) ...
