---
source: crates/fleet-cli/src/tui/ui/mod.rs
expression: terminal.backend().to_string()
---
" 1 ●                                                     ctrl+t new  ctrl+w clos"
"┌ Query Editor ────────────────────────────────────────────────────────────────┐"
"│                                                                              │"
"│                                                                              │"
"│                                                                              │"
"│                                                                              │"
"│                                                                              │"
"│                                                                              │"
"│               ┌ Save Query ──────────────────────────────────┐               │"
"│               │                                              │               │"
"└───────────────│                                              │───────────────┘"
"┌ Results ──────│         Enter a name for this query:         │───────────────┐"
"│ no results yet│                                              │               │"
"│               │                  > my query█                 │               │"
"│               │                                              │               │"
"│               └──────────────────────────────────────────────┘               │"
"│                                                                              │"
"│                                                                              │"
"│                                                                              │"
"│                                                                              │"
"│                                                                              │"
"│                                                                              │"
"└──────────────────────────────────────────────────────────────────────────────┘"
"idle [editor]                                 F3: history | F4: saved | F1: help"
