---
source: crates/fleet-cli/src/tui/ui/mod.rs
expression: terminal.backend().to_string()
---
" S  1 ●                                                  ctrl+t new  ctrl+w clos"
" H ┌ Query Editor ─────────────────────────────────────────────────────────────┐"
" Q │                                                                           │"
"   │                                                                           │"
"   │                                                                           │"
"   │                                                                           │"
"   │                                                                           │"
"   │                                                                           │"
"   │                                                                           │"
"   │                                                                           │"
"   └───────────────────────────────────────────────────────────────────────────┘"
"   ┌ Results ──────────────────────────────────────────────────────────────────┐"
"   │ no results yet — execute a query with F5                                  │"
"   │                                                                           │"
"   │                                                                           │"
"   │                                                                           │"
"   │                                                                           │"
"   │                                                                           │"
"   │                                                                           │"
"   │                                                                           │"
"   │                                                                           │"
"   │                                                                           │"
"   └───────────────────────────────────────────────────────────────────────────┘"
"   idle [editor]                              F3: history | F4: saved | F1: help"
